2026-03-08 13:49:49.410: [INFO] OnDoneLoading sync enabled: 0
2026-03-12 11:37:06.080: [INFO] OnDoneLoading sync enabled: 0
2026-03-12 11:44:36.080: [INFO] OnDoneLoading sync enabled: 0
2026-03-12 11:48:58.652: [INFO] OnDoneLoading sync enabled: 0
2026-03-12 11:49:40.517: [INFO] OnDoneLoading sync enabled: 0
2026-03-16 12:22:40.956: [INFO] OnDoneLoading sync enabled: 0
2026-03-16 12:25:11.102: [INFO] OnDoneLoading sync enabled: 0
2026-03-16 12:31:10.782: [INFO] OnDoneLoading sync enabled: 0
2026-03-16 13:02:23.231: [INFO] OnDoneLoading sync enabled: 0
2026-03-17 11:52:12.056: [INFO] OnDoneLoading sync enabled: 0
2026-03-17 11:52:50.626: [INFO] OnDoneLoading sync enabled: 0
2026-03-17 12:15:40.314: [INFO] OnDoneLoading sync enabled: 0
2026-03-17 12:19:01.153: [INFO] OnDoneLoading sync enabled: 0
2026-03-17 12:28:41.331: [INFO] OnDoneLoading sync enabled: 0
2026-03-17 12:37:52.909: [INFO] OnDoneLoading sync enabled: 0
2026-03-17 13:07:43.482: [INFO] OnDoneLoading sync enabled: 0
2026-03-17 13:12:17.980: [INFO] OnDoneLoading sync enabled: 0
2026-03-17 13:14:20.552: [INFO] OnDoneLoading sync enabled: 0
2026-03-17 13:14:59.176: [INFO] OnDoneLoading sync enabled: 0
2026-03-17 13:16:16.725: [INFO] OnDoneLoading sync enabled: 0
2026-03-17 13:22:39.635: [INFO] OnDoneLoading sync enabled: 0
2026-03-18 12:29:36.411: [INFO] OnDoneLoading sync enabled: 0
2026-03-20 12:34:23.228: [INFO] OnDoneLoading sync enabled: 0
2026-03-20 13:02:03.146: [INFO] OnDoneLoading sync enabled: 0
2026-03-20 13:02:44.766: [INFO] OnDoneLoading sync enabled: 0
2026-03-20 13:03:13.254: [INFO] OnDoneLoading sync enabled: 0
2026-03-20 13:03:40.367: [INFO] OnDoneLoading sync enabled: 0
2026-03-22 14:15:31.585: [INFO] OnDoneLoading sync enabled: 0
2026-03-22 14:19:08.391: [INFO] OnDoneLoading sync enabled: 0
2026-03-23 12:02:08.270: [INFO] OnDoneLoading sync enabled: 0
2026-03-23 12:22:08.649: [INFO] OnDoneLoading sync enabled: 0
2026-03-23 12:26:47.121: [INFO] OnDoneLoading sync enabled: 0
2026-03-24 13:02:20.186: [INFO] OnDoneLoading sync enabled: 0
2026-04-01 12:07:39.728: [INFO] OnDoneLoading sync enabled: 0
2026-04-10 20:06:01.016: [INFO] OnDoneLoading sync enabled: 0
2026-04-28 11:45:37.584: [INFO] OnDoneLoading sync enabled: 0
2026-04-28 11:47:26.079: [INFO] OnDoneLoading sync enabled: 0
2026-04-28 11:52:32.615: [INFO] OnDoneLoading sync enabled: 0
2026-04-28 11:55:58.684: [INFO] OnDoneLoading sync enabled: 0
2026-04-28 12:28:53.403: [INFO] OnDoneLoading sync enabled: 0
2026-05-11 23:13:46.962: [INFO] OnDoneLoading sync enabled: 0
2026-05-11 23:26:00.780: [INFO] OnDoneLoading sync enabled: 0
2026-05-11 23:52:17.265: [INFO] OnDoneLoading sync enabled: 0
2026-05-12 11:37:00.237: [INFO] OnDoneLoading sync enabled: 0
2026-05-12 11:45:14.526: [INFO] OnDoneLoading sync enabled: 0
2026-05-12 11:54:32.082: [INFO] OnDoneLoading sync enabled: 0
2026-05-13 11:47:04.897: [INFO] OnDoneLoading sync enabled: 0
2026-05-13 11:54:03.284: [INFO] OnDoneLoading sync enabled: 0
2026-05-13 12:14:04.602: [INFO] OnDoneLoading sync enabled: 0
2026-05-13 12:30:10.948: [INFO] OnDoneLoading sync enabled: 0
2026-05-13 12:31:55.400: [INFO] OnDoneLoading sync enabled: 0
2026-05-13 12:39:57.865: [INFO] OnDoneLoading sync enabled: 0
2026-05-13 12:42:38.247: [INFO] OnDoneLoading sync enabled: 0
2026-05-14 11:45:46.386: [INFO] OnDoneLoading sync enabled: 0
2026-05-14 11:55:36.242: [INFO] OnDoneLoading sync enabled: 0
2026-05-15 11:53:31.336: [INFO] OnDoneLoading sync enabled: 0
2026-05-24 12:59:02.003: [INFO] OnDoneLoading sync enabled: 0
2026-05-24 14:11:57.949: [INFO] OnDoneLoading sync enabled: 0
2026-05-24 14:33:16.578: [INFO] OnDoneLoading sync enabled: 0
2026-05-24 14:36:26.765: [INFO] OnDoneLoading sync enabled: 0
2026-05-24 16:44:50.883: [INFO] OnDoneLoading sync enabled: 0
2026-05-24 16:48:45.202: [INFO] OnDoneLoading sync enabled: 0
2026-05-24 17:00:58.676: [INFO] OnDoneLoading sync enabled: 0
2026-05-24 17:12:43.361: [INFO] OnDoneLoading sync enabled: 0
2026-05-24 17:16:39.870: [INFO] OnDoneLoading sync enabled: 0
2026-05-26 11:28:07.237: [INFO] OnDoneLoading sync enabled: 0
2026-05-26 11:31:42.180: [INFO] OnDoneLoading sync enabled: 0
2026-05-26 11:35:15.960: [INFO] OnDoneLoading sync enabled: 0
2026-06-01 12:37:31.165: [INFO] OnDoneLoading sync enabled: 0
2026-06-04 18:54:57.975: [INFO] OnDoneLoading sync enabled: 0
2026-06-04 19:21:22.574: [INFO] OnDoneLoading sync enabled: 0
2026-06-30 11:26:35.415: [INFO] OnDoneLoading sync enabled: 0
2026-06-30 11:37:35.192: [INFO] OnDoneLoading sync enabled: 0
2026-06-30 11:55:52.085: [INFO] OnDoneLoading sync enabled: 0
2026-07-01 11:54:44.694: [INFO] OnDoneLoading sync enabled: 0
2026-07-02 11:47:55.253: [INFO] OnDoneLoading sync enabled: 0
2026-07-03 11:51:25.932: [INFO] OnDoneLoading sync enabled: 0
2026-07-03 12:09:41.258: [INFO] OnDoneLoading sync enabled: 0
2026-07-03 12:15:14.759: [INFO] OnDoneLoading sync enabled: 0
2026-07-24 13:57:44.756: [INFO] OnDoneLoading sync enabled: 0
2026-07-24 17:56:04.010: [INFO] OnDoneLoading sync enabled: 0
2026-07-24 20:57:27.235: [INFO] OnDoneLoading sync enabled: 0
2026-07-25 22:19:19.322: [INFO] OnDoneLoading sync enabled: 0
2026-07-25 22:33:55.903: [INFO] OnDoneLoading sync enabled: 0
2026-07-25 22:41:08.968: [INFO] OnDoneLoading sync enabled: 0
2026-07-25 23:46:07.214: [INFO] OnDoneLoading sync enabled: 0
2026-07-26 00:07:45.497: [INFO] OnDoneLoading sync enabled: 0
2026-07-26 00:24:22.277: [INFO] OnDoneLoading sync enabled: 0
2026-07-26 00:53:58.707: [INFO] OnDoneLoading sync enabled: 0
2026-07-26 00:55:46.689: [INFO] OnDoneLoading sync enabled: 0
2026-07-26 01:05:13.549: [INFO] OnDoneLoading sync enabled: 0
2026-07-26 01:05:58.326: [INFO] OnDoneLoading sync enabled: 0
2026-07-26 01:09:54.938: [INFO] OnDoneLoading sync enabled: 0
2026-07-26 01:17:07.811: [INFO] OnDoneLoading sync enabled: 0
2026-07-27 22:30:41.941: [INFO] OnDoneLoading sync enabled: 0
2026-07-29 17:12:33.017: [INFO] OnDoneLoading sync enabled: 0
2026-07-29 17:17:00.944: [INFO] OnDoneLoading sync enabled: 0
2026-07-29 17:20:42.462: [INFO] OnDoneLoading sync enabled: 0
2026-08-01 22:28:14.739: [INFO] OnDoneLoading sync enabled: 0
2026-08-01 22:30:13.182: [INFO] OnDoneLoading sync enabled: 0
2026-08-01 22:30:50.545: [INFO] OnDoneLoading sync enabled: 0
2026-08-03 22:08:48.066: [INFO] OnDoneLoading sync enabled: 0
2026-08-21 11:46:14.808: [INFO] CurrentProfilePath: C:\Users\leoag\Documents\workspace-spring-tools-for-eclipse-5.0.1.RELEASE\.metadata\.plugins\org.eclipse.swt\EBWebView\Default
2026-08-21 11:46:14.808: [INFO] Profiles total count: 1
2026-08-21 11:46:14.828: [INFO] Profile: name=Perfil 1 path=C:\Users\leoag\Documents\workspace-spring-tools-for-eclipse-5.0.1.RELEASE\.metadata\.plugins\org.eclipse.swt\EBWebView\Default lastActive=2026-08-02T01:14:03.293Z
2026-08-21 11:46:14.829: [INFO] LastUsedProfileDir: C:\Users\leoag\Documents\workspace-spring-tools-for-eclipse-5.0.1.RELEASE\.metadata\.plugins\org.eclipse.swt\EBWebView\Default
2026-08-21 11:46:14.833: [INFO] MostRecentlyActiveProfile: name=Perfil 1 path=C:\Users\leoag\Documents\workspace-spring-tools-for-eclipse-5.0.1.RELEASE\.metadata\.plugins\org.eclipse.swt\EBWebView\Default lastActive=2026-08-02T01:14:03.293Z
2026-08-21 11:46:14.833: [INFO] OnDoneLoading sync enabled: 0
2026-08-21 11:46:14.834: [INFO] BookmarkModelLoaded, ids_reassigned: 0
2026-08-21 11:46:14.834: [INFO] BookmarksLoadDropped droppedNodes=0
2026-08-21 11:46:14.835: [INFO] BookmarksSnapshot Startup total=0 bar=0 other=0 mobile=0 showBar=0 showBarNTP=1
2026-08-21 23:12:42.074: [INFO] BookmarksSnapshot Shutdown total=0 bar=0 other=0 mobile=0 showBar=0 showBarNTP=1
2026-08-24 11:08:03.277: [INFO] CurrentProfilePath: C:\Users\leoag\Documents\workspace-spring-tools-for-eclipse-5.0.1.RELEASE\.metadata\.plugins\org.eclipse.swt\EBWebView\Default
2026-08-24 11:08:03.277: [INFO] Profiles total count: 1
2026-08-24 11:08:03.278: [INFO] Profile: name=Perfil 1 path=C:\Users\leoag\Documents\workspace-spring-tools-for-eclipse-5.0.1.RELEASE\.metadata\.plugins\org.eclipse.swt\EBWebView\Default lastActive=2026-08-02T01:14:03.293Z
2026-08-24 11:08:03.278: [INFO] LastUsedProfileDir: C:\Users\leoag\Documents\workspace-spring-tools-for-eclipse-5.0.1.RELEASE\.metadata\.plugins\org.eclipse.swt\EBWebView\Default
2026-08-24 11:08:03.279: [INFO] MostRecentlyActiveProfile: name=Perfil 1 path=C:\Users\leoag\Documents\workspace-spring-tools-for-eclipse-5.0.1.RELEASE\.metadata\.plugins\org.eclipse.swt\EBWebView\Default lastActive=2026-08-02T01:14:03.293Z
2026-08-24 11:08:03.279: [INFO] OnDoneLoading sync enabled: 0
2026-08-24 11:08:03.279: [INFO] BookmarkModelLoaded, ids_reassigned: 0
2026-08-24 11:08:03.279: [INFO] BookmarksLoadDropped droppedNodes=0
2026-08-24 11:08:03.280: [INFO] BookmarksSnapshot Startup total=0 bar=0 other=0 mobile=0 showBar=0 showBarNTP=1
2026-08-24 12:05:51.987: [INFO] BookmarksSnapshot Shutdown total=0 bar=0 other=0 mobile=0 showBar=0 showBarNTP=1
2026-08-24 12:13:37.254: [INFO] CurrentProfilePath: C:\Users\leoag\Documents\workspace-spring-tools-for-eclipse-5.0.1.RELEASE\.metadata\.plugins\org.eclipse.swt\EBWebView\Default
2026-08-24 12:13:37.254: [INFO] Profiles total count: 1
2026-08-24 12:13:37.267: [INFO] Profile: name=Perfil 1 path=C:\Users\leoag\Documents\workspace-spring-tools-for-eclipse-5.0.1.RELEASE\.metadata\.plugins\org.eclipse.swt\EBWebView\Default lastActive=2026-08-02T01:14:03.293Z
2026-08-24 12:13:37.267: [INFO] LastUsedProfileDir: C:\Users\leoag\Documents\workspace-spring-tools-for-eclipse-5.0.1.RELEASE\.metadata\.plugins\org.eclipse.swt\EBWebView\Default
2026-08-24 12:13:37.267: [INFO] MostRecentlyActiveProfile: name=Perfil 1 path=C:\Users\leoag\Documents\workspace-spring-tools-for-eclipse-5.0.1.RELEASE\.metadata\.plugins\org.eclipse.swt\EBWebView\Default lastActive=2026-08-02T01:14:03.293Z
2026-08-24 12:13:37.267: [INFO] OnDoneLoading sync enabled: 0
2026-08-24 12:13:37.267: [INFO] BookmarkModelLoaded, ids_reassigned: 0
2026-08-24 12:13:37.267: [INFO] BookmarksLoadDropped droppedNodes=0
2026-08-24 12:13:37.267: [INFO] BookmarksSnapshot Startup total=0 bar=0 other=0 mobile=0 showBar=0 showBarNTP=1
2026-08-24 12:57:20.804: [INFO] BookmarksSnapshot Shutdown total=0 bar=0 other=0 mobile=0 showBar=0 showBarNTP=1
2026-08-24 23:21:57.057: [INFO] CurrentProfilePath: C:\Users\leoag\Documents\workspace-spring-tools-for-eclipse-5.0.1.RELEASE\.metadata\.plugins\org.eclipse.swt\EBWebView\Default
2026-08-24 23:21:57.057: [INFO] Profiles total count: 1
2026-08-24 23:21:57.085: [INFO] Profile: name=Perfil 1 path=C:\Users\leoag\Documents\workspace-spring-tools-for-eclipse-5.0.1.RELEASE\.metadata\.plugins\org.eclipse.swt\EBWebView\Default lastActive=2026-08-02T01:14:03.293Z
2026-08-24 23:21:57.085: [INFO] LastUsedProfileDir: C:\Users\leoag\Documents\workspace-spring-tools-for-eclipse-5.0.1.RELEASE\.metadata\.plugins\org.eclipse.swt\EBWebView\Default
2026-08-24 23:21:57.085: [INFO] MostRecentlyActiveProfile: name=Perfil 1 path=C:\Users\leoag\Documents\workspace-spring-tools-for-eclipse-5.0.1.RELEASE\.metadata\.plugins\org.eclipse.swt\EBWebView\Default lastActive=2026-08-02T01:14:03.293Z
2026-08-24 23:21:57.085: [INFO] OnDoneLoading sync enabled: 0
2026-08-24 23:21:57.085: [INFO] BookmarkModelLoaded, ids_reassigned: 0
2026-08-24 23:21:57.085: [INFO] BookmarksLoadDropped droppedNodes=0
2026-08-24 23:21:57.085: [INFO] BookmarksSnapshot Startup total=0 bar=0 other=0 mobile=0 showBar=0 showBarNTP=1
2026-08-25 12:07:02.042: [INFO] BookmarksSnapshot Shutdown total=0 bar=0 other=0 mobile=0 showBar=0 showBarNTP=1
2026-08-26 00:06:19.029: [INFO] CurrentProfilePath: C:\Users\leoag\Documents\workspace-spring-tools-for-eclipse-5.0.1.RELEASE\.metadata\.plugins\org.eclipse.swt\EBWebView\Default
2026-08-26 00:06:19.029: [INFO] Profiles total count: 1
2026-08-26 00:06:19.037: [INFO] Profile: name=Perfil 1 path=C:\Users\leoag\Documents\workspace-spring-tools-for-eclipse-5.0.1.RELEASE\.metadata\.plugins\org.eclipse.swt\EBWebView\Default lastActive=2026-08-24T23:23:24.030Z
2026-08-26 00:06:19.037: [INFO] LastUsedProfileDir: C:\Users\leoag\Documents\workspace-spring-tools-for-eclipse-5.0.1.RELEASE\.metadata\.plugins\org.eclipse.swt\EBWebView\Default
2026-08-26 00:06:19.038: [INFO] MostRecentlyActiveProfile: name=Perfil 1 path=C:\Users\leoag\Documents\workspace-spring-tools-for-eclipse-5.0.1.RELEASE\.metadata\.plugins\org.eclipse.swt\EBWebView\Default lastActive=2026-08-24T23:23:24.030Z
2026-08-26 00:06:19.038: [INFO] OnDoneLoading sync enabled: 0
2026-08-26 00:06:19.038: [INFO] BookmarkModelLoaded, ids_reassigned: 0
2026-08-26 00:06:19.038: [INFO] BookmarksLoadDropped droppedNodes=0
2026-08-26 00:06:19.038: [INFO] BookmarksSnapshot Startup total=0 bar=0 other=0 mobile=0 showBar=0 showBarNTP=1
2026-08-26 01:04:55.339: [INFO] BookmarksSnapshot Shutdown total=0 bar=0 other=0 mobile=0 showBar=0 showBarNTP=1
2026-08-27 11:48:21.381: [INFO] CurrentProfilePath: C:\Users\leoag\Documents\workspace-spring-tools-for-eclipse-5.0.1.RELEASE\.metadata\.plugins\org.eclipse.swt\EBWebView\Default
2026-08-27 11:48:21.381: [INFO] Profiles total count: 1
2026-08-27 11:48:21.535: [INFO] Profile: name=Perfil 1 path=C:\Users\leoag\Documents\workspace-spring-tools-for-eclipse-5.0.1.RELEASE\.metadata\.plugins\org.eclipse.swt\EBWebView\Default lastActive=2026-08-24T23:23:24.030Z
2026-08-27 11:48:21.535: [INFO] LastUsedProfileDir: C:\Users\leoag\Documents\workspace-spring-tools-for-eclipse-5.0.1.RELEASE\.metadata\.plugins\org.eclipse.swt\EBWebView\Default
2026-08-27 11:48:21.535: [INFO] MostRecentlyActiveProfile: name=Perfil 1 path=C:\Users\leoag\Documents\workspace-spring-tools-for-eclipse-5.0.1.RELEASE\.metadata\.plugins\org.eclipse.swt\EBWebView\Default lastActive=2026-08-24T23:23:24.030Z
2026-08-27 11:48:21.535: [INFO] OnDoneLoading sync enabled: 0
2026-08-27 11:48:21.535: [INFO] BookmarkModelLoaded, ids_reassigned: 0
2026-08-27 11:48:21.535: [INFO] BookmarksLoadDropped droppedNodes=0
2026-08-27 11:48:21.535: [INFO] BookmarksSnapshot Startup total=0 bar=0 other=0 mobile=0 showBar=0 showBarNTP=1
2026-08-27 11:50:58.100: [INFO] BookmarksSnapshot Shutdown total=0 bar=0 other=0 mobile=0 showBar=0 showBarNTP=1
2026-08-27 11:53:48.605: [INFO] CurrentProfilePath: C:\Users\leoag\Documents\workspace-spring-tools-for-eclipse-5.0.1.RELEASE\.metadata\.plugins\org.eclipse.swt\EBWebView\Default
2026-08-27 11:53:48.605: [INFO] Profiles total count: 1
2026-08-27 11:53:48.612: [INFO] Profile: name=Perfil 1 path=C:\Users\leoag\Documents\workspace-spring-tools-for-eclipse-5.0.1.RELEASE\.metadata\.plugins\org.eclipse.swt\EBWebView\Default lastActive=2026-08-24T23:23:24.030Z
2026-08-27 11:53:48.612: [INFO] LastUsedProfileDir: C:\Users\leoag\Documents\workspace-spring-tools-for-eclipse-5.0.1.RELEASE\.metadata\.plugins\org.eclipse.swt\EBWebView\Default
2026-08-27 11:53:48.613: [INFO] MostRecentlyActiveProfile: name=Perfil 1 path=C:\Users\leoag\Documents\workspace-spring-tools-for-eclipse-5.0.1.RELEASE\.metadata\.plugins\org.eclipse.swt\EBWebView\Default lastActive=2026-08-24T23:23:24.030Z
2026-08-27 11:53:48.613: [INFO] OnDoneLoading sync enabled: 0
2026-08-27 11:53:48.613: [INFO] BookmarkModelLoaded, ids_reassigned: 0
2026-08-27 11:53:48.613: [INFO] BookmarksLoadDropped droppedNodes=0
2026-08-27 11:53:48.613: [INFO] BookmarksSnapshot Startup total=0 bar=0 other=0 mobile=0 showBar=0 showBarNTP=1
2026-08-27 11:55:24.580: [INFO] BookmarksSnapshot Shutdown total=0 bar=0 other=0 mobile=0 showBar=0 showBarNTP=1
2026-08-27 11:55:32.372: [INFO] CurrentProfilePath: C:\Users\leoag\Documents\workspace-spring-tools-for-eclipse-5.0.1.RELEASE\.metadata\.plugins\org.eclipse.swt\EBWebView\Default
2026-08-27 11:55:32.373: [INFO] Profiles total count: 1
2026-08-27 11:55:32.377: [INFO] Profile: name=Perfil 1 path=C:\Users\leoag\Documents\workspace-spring-tools-for-eclipse-5.0.1.RELEASE\.metadata\.plugins\org.eclipse.swt\EBWebView\Default lastActive=2026-08-24T23:23:24.030Z
2026-08-27 11:55:32.377: [INFO] LastUsedProfileDir: C:\Users\leoag\Documents\workspace-spring-tools-for-eclipse-5.0.1.RELEASE\.metadata\.plugins\org.eclipse.swt\EBWebView\Default
2026-08-27 11:55:32.378: [INFO] MostRecentlyActiveProfile: name=Perfil 1 path=C:\Users\leoag\Documents\workspace-spring-tools-for-eclipse-5.0.1.RELEASE\.metadata\.plugins\org.eclipse.swt\EBWebView\Default lastActive=2026-08-24T23:23:24.030Z
2026-08-27 11:55:32.378: [INFO] OnDoneLoading sync enabled: 0
2026-08-27 11:55:32.378: [INFO] BookmarkModelLoaded, ids_reassigned: 0
2026-08-27 11:55:32.378: [INFO] BookmarksLoadDropped droppedNodes=0
2026-08-27 11:55:32.378: [INFO] BookmarksSnapshot Startup total=0 bar=0 other=0 mobile=0 showBar=0 showBarNTP=1
2026-08-27 11:55:36.980: [INFO] BookmarksSnapshot Shutdown total=0 bar=0 other=0 mobile=0 showBar=0 showBarNTP=1
2026-08-27 11:58:56.054: [INFO] CurrentProfilePath: C:\Users\leoag\Documents\workspace-spring-tools-for-eclipse-5.0.1.RELEASE\.metadata\.plugins\org.eclipse.swt\EBWebView\Default
2026-08-27 11:58:56.054: [INFO] Profiles total count: 1
2026-08-27 11:58:56.056: [INFO] Profile: name=Perfil 1 path=C:\Users\leoag\Documents\workspace-spring-tools-for-eclipse-5.0.1.RELEASE\.metadata\.plugins\org.eclipse.swt\EBWebView\Default lastActive=2026-08-24T23:23:24.030Z
2026-08-27 11:58:56.056: [INFO] LastUsedProfileDir: C:\Users\leoag\Documents\workspace-spring-tools-for-eclipse-5.0.1.RELEASE\.metadata\.plugins\org.eclipse.swt\EBWebView\Default
2026-08-27 11:58:56.056: [INFO] MostRecentlyActiveProfile: name=Perfil 1 path=C:\Users\leoag\Documents\workspace-spring-tools-for-eclipse-5.0.1.RELEASE\.metadata\.plugins\org.eclipse.swt\EBWebView\Default lastActive=2026-08-24T23:23:24.030Z
2026-08-27 11:58:56.056: [INFO] OnDoneLoading sync enabled: 0
2026-08-27 11:58:56.056: [INFO] BookmarkModelLoaded, ids_reassigned: 0
2026-08-27 11:58:56.056: [INFO] BookmarksLoadDropped droppedNodes=0
2026-08-27 11:58:56.056: [INFO] BookmarksSnapshot Startup total=0 bar=0 other=0 mobile=0 showBar=0 showBarNTP=1
2026-08-27 11:59:08.330: [INFO] BookmarksSnapshot Shutdown total=0 bar=0 other=0 mobile=0 showBar=0 showBarNTP=1
2026-09-01 11:31:12.782: [INFO] CurrentProfilePath: C:\Users\leoag\Documents\workspace-spring-tools-for-eclipse-5.0.1.RELEASE\.metadata\.plugins\org.eclipse.swt\EBWebView\Default
2026-09-01 11:31:12.782: [INFO] Profiles total count: 1
2026-09-01 11:31:12.809: [INFO] Profile: name=Perfil 1 path=C:\Users\leoag\Documents\workspace-spring-tools-for-eclipse-5.0.1.RELEASE\.metadata\.plugins\org.eclipse.swt\EBWebView\Default lastActive=2026-08-24T23:23:24.030Z
2026-09-01 11:31:12.809: [INFO] LastUsedProfileDir: C:\Users\leoag\Documents\workspace-spring-tools-for-eclipse-5.0.1.RELEASE\.metadata\.plugins\org.eclipse.swt\EBWebView\Default
2026-09-01 11:31:12.810: [INFO] MostRecentlyActiveProfile: name=Perfil 1 path=C:\Users\leoag\Documents\workspace-spring-tools-for-eclipse-5.0.1.RELEASE\.metadata\.plugins\org.eclipse.swt\EBWebView\Default lastActive=2026-08-24T23:23:24.030Z
2026-09-01 11:31:12.810: [INFO] OnDoneLoading sync enabled: 0
2026-09-01 11:31:12.810: [INFO] BookmarkModelLoaded, ids_reassigned: 0
2026-09-01 11:31:12.810: [INFO] BookmarksLoadDropped droppedNodes=0
2026-09-01 11:31:12.810: [INFO] BookmarksSnapshot Startup total=0 bar=0 other=0 mobile=0 showBar=0 showBarNTP=1
2026-09-01 11:32:22.559: [INFO] BookmarksSnapshot Shutdown total=0 bar=0 other=0 mobile=0 showBar=0 showBarNTP=1
2026-09-01 11:42:57.110: [INFO] CurrentProfilePath: C:\Users\leoag\Documents\workspace-spring-tools-for-eclipse-5.0.1.RELEASE\.metadata\.plugins\org.eclipse.swt\EBWebView\Default
2026-09-01 11:42:57.110: [INFO] Profiles total count: 1
2026-09-01 11:42:57.153: [INFO] Profile: name=Perfil 1 path=C:\Users\leoag\Documents\workspace-spring-tools-for-eclipse-5.0.1.RELEASE\.metadata\.plugins\org.eclipse.swt\EBWebView\Default lastActive=2026-08-24T23:23:24.030Z
2026-09-01 11:42:57.153: [INFO] LastUsedProfileDir: C:\Users\leoag\Documents\workspace-spring-tools-for-eclipse-5.0.1.RELEASE\.metadata\.plugins\org.eclipse.swt\EBWebView\Default
2026-09-01 11:42:57.153: [INFO] MostRecentlyActiveProfile: name=Perfil 1 path=C:\Users\leoag\Documents\workspace-spring-tools-for-eclipse-5.0.1.RELEASE\.metadata\.plugins\org.eclipse.swt\EBWebView\Default lastActive=2026-08-24T23:23:24.030Z
2026-09-01 11:42:57.153: [INFO] OnDoneLoading sync enabled: 0
2026-09-01 11:42:57.153: [INFO] BookmarkModelLoaded, ids_reassigned: 0
2026-09-01 11:42:57.153: [INFO] BookmarksLoadDropped droppedNodes=0
2026-09-01 11:42:57.153: [INFO] BookmarksSnapshot Startup total=0 bar=0 other=0 mobile=0 showBar=0 showBarNTP=1
2026-09-02 11:48:13.999: [INFO] CurrentProfilePath: C:\Users\leoag\Documents\workspace-spring-tools-for-eclipse-5.0.1.RELEASE\.metadata\.plugins\org.eclipse.swt\EBWebView\Default
2026-09-02 11:48:14.000: [INFO] Profiles total count: 1
2026-09-02 11:48:14.000: [INFO] Profile: name=Perfil 1 path=C:\Users\leoag\Documents\workspace-spring-tools-for-eclipse-5.0.1.RELEASE\.metadata\.plugins\org.eclipse.swt\EBWebView\Default lastActive=2026-08-24T23:23:24.030Z
2026-09-02 11:48:14.000: [INFO] LastUsedProfileDir: C:\Users\leoag\Documents\workspace-spring-tools-for-eclipse-5.0.1.RELEASE\.metadata\.plugins\org.eclipse.swt\EBWebView\Default
2026-09-02 11:48:14.000: [INFO] MostRecentlyActiveProfile: name=Perfil 1 path=C:\Users\leoag\Documents\workspace-spring-tools-for-eclipse-5.0.1.RELEASE\.metadata\.plugins\org.eclipse.swt\EBWebView\Default lastActive=2026-08-24T23:23:24.030Z
2026-09-02 11:48:14.000: [INFO] OnDoneLoading sync enabled: 0
2026-09-02 11:48:14.000: [INFO] BookmarkModelLoaded, ids_reassigned: 0
2026-09-02 11:48:14.000: [INFO] BookmarksLoadDropped droppedNodes=0
2026-09-02 11:48:14.000: [INFO] BookmarksSnapshot Startup total=0 bar=0 other=0 mobile=0 showBar=0 showBarNTP=1
2026-09-02 12:17:40.265: [INFO] BookmarksSnapshot Shutdown total=0 bar=0 other=0 mobile=0 showBar=0 showBarNTP=1
2026-09-02 12:17:51.687: [INFO] CurrentProfilePath: C:\Users\leoag\Documents\workspace-spring-tools-for-eclipse-5.0.1.RELEASE\.metadata\.plugins\org.eclipse.swt\EBWebView\Default
2026-09-02 12:17:51.687: [INFO] Profiles total count: 1
2026-09-02 12:17:51.687: [INFO] Profile: name=Perfil 1 path=C:\Users\leoag\Documents\workspace-spring-tools-for-eclipse-5.0.1.RELEASE\.metadata\.plugins\org.eclipse.swt\EBWebView\Default lastActive=2026-08-24T23:23:24.030Z
2026-09-02 12:17:51.687: [INFO] LastUsedProfileDir: C:\Users\leoag\Documents\workspace-spring-tools-for-eclipse-5.0.1.RELEASE\.metadata\.plugins\org.eclipse.swt\EBWebView\Default
2026-09-02 12:17:51.687: [INFO] MostRecentlyActiveProfile: name=Perfil 1 path=C:\Users\leoag\Documents\workspace-spring-tools-for-eclipse-5.0.1.RELEASE\.metadata\.plugins\org.eclipse.swt\EBWebView\Default lastActive=2026-08-24T23:23:24.030Z
2026-09-02 12:17:51.687: [INFO] OnDoneLoading sync enabled: 0
2026-09-02 12:17:51.687: [INFO] BookmarkModelLoaded, ids_reassigned: 0
2026-09-02 12:17:51.687: [INFO] BookmarksLoadDropped droppedNodes=0
2026-09-02 12:17:51.687: [INFO] BookmarksSnapshot Startup total=0 bar=0 other=0 mobile=0 showBar=0 showBarNTP=1
2026-09-02 12:27:03.906: [INFO] BookmarksSnapshot Shutdown total=0 bar=0 other=0 mobile=0 showBar=0 showBarNTP=1
2026-09-02 12:29:46.566: [INFO] CurrentProfilePath: C:\Users\leoag\Documents\workspace-spring-tools-for-eclipse-5.0.1.RELEASE\.metadata\.plugins\org.eclipse.swt\EBWebView\Default
2026-09-02 12:29:46.566: [INFO] Profiles total count: 1
2026-09-02 12:29:46.567: [INFO] Profile: name=Perfil 1 path=C:\Users\leoag\Documents\workspace-spring-tools-for-eclipse-5.0.1.RELEASE\.metadata\.plugins\org.eclipse.swt\EBWebView\Default lastActive=2026-08-24T23:23:24.030Z
2026-09-02 12:29:46.567: [INFO] LastUsedProfileDir: C:\Users\leoag\Documents\workspace-spring-tools-for-eclipse-5.0.1.RELEASE\.metadata\.plugins\org.eclipse.swt\EBWebView\Default
2026-09-02 12:29:46.567: [INFO] MostRecentlyActiveProfile: name=Perfil 1 path=C:\Users\leoag\Documents\workspace-spring-tools-for-eclipse-5.0.1.RELEASE\.metadata\.plugins\org.eclipse.swt\EBWebView\Default lastActive=2026-08-24T23:23:24.030Z
2026-09-02 12:29:46.568: [INFO] OnDoneLoading sync enabled: 0
2026-09-02 12:29:46.568: [INFO] BookmarkModelLoaded, ids_reassigned: 0
2026-09-02 12:29:46.568: [INFO] BookmarksLoadDropped droppedNodes=0
2026-09-02 12:29:46.568: [INFO] BookmarksSnapshot Startup total=0 bar=0 other=0 mobile=0 showBar=0 showBarNTP=1
2026-09-02 12:32:43.291: [INFO] BookmarksSnapshot Shutdown total=0 bar=0 other=0 mobile=0 showBar=0 showBarNTP=1
2026-09-02 12:35:46.467: [INFO] CurrentProfilePath: C:\Users\leoag\Documents\workspace-spring-tools-for-eclipse-5.0.1.RELEASE\.metadata\.plugins\org.eclipse.swt\EBWebView\Default
2026-09-02 12:35:46.467: [INFO] Profiles total count: 1
2026-09-02 12:35:46.467: [INFO] Profile: name=Perfil 1 path=C:\Users\leoag\Documents\workspace-spring-tools-for-eclipse-5.0.1.RELEASE\.metadata\.plugins\org.eclipse.swt\EBWebView\Default lastActive=2026-08-24T23:23:24.030Z
2026-09-02 12:35:46.468: [INFO] LastUsedProfileDir: C:\Users\leoag\Documents\workspace-spring-tools-for-eclipse-5.0.1.RELEASE\.metadata\.plugins\org.eclipse.swt\EBWebView\Default
2026-09-02 12:35:46.468: [INFO] MostRecentlyActiveProfile: name=Perfil 1 path=C:\Users\leoag\Documents\workspace-spring-tools-for-eclipse-5.0.1.RELEASE\.metadata\.plugins\org.eclipse.swt\EBWebView\Default lastActive=2026-08-24T23:23:24.030Z
2026-09-02 12:35:46.468: [INFO] OnDoneLoading sync enabled: 0
2026-09-02 12:35:46.469: [INFO] BookmarkModelLoaded, ids_reassigned: 0
2026-09-02 12:35:46.469: [INFO] BookmarksLoadDropped droppedNodes=0
2026-09-02 12:35:46.469: [INFO] BookmarksSnapshot Startup total=0 bar=0 other=0 mobile=0 showBar=0 showBarNTP=1
2026-09-02 12:35:56.919: [INFO] BookmarksSnapshot Shutdown total=0 bar=0 other=0 mobile=0 showBar=0 showBarNTP=1
2026-09-02 12:37:24.840: [INFO] CurrentProfilePath: C:\Users\leoag\Documents\workspace-spring-tools-for-eclipse-5.0.1.RELEASE\.metadata\.plugins\org.eclipse.swt\EBWebView\Default
2026-09-02 12:37:24.840: [INFO] Profiles total count: 1
2026-09-02 12:37:24.840: [INFO] Profile: name=Perfil 1 path=C:\Users\leoag\Documents\workspace-spring-tools-for-eclipse-5.0.1.RELEASE\.metadata\.plugins\org.eclipse.swt\EBWebView\Default lastActive=2026-08-24T23:23:24.030Z
2026-09-02 12:37:24.840: [INFO] LastUsedProfileDir: C:\Users\leoag\Documents\workspace-spring-tools-for-eclipse-5.0.1.RELEASE\.metadata\.plugins\org.eclipse.swt\EBWebView\Default
2026-09-02 12:37:24.840: [INFO] MostRecentlyActiveProfile: name=Perfil 1 path=C:\Users\leoag\Documents\workspace-spring-tools-for-eclipse-5.0.1.RELEASE\.metadata\.plugins\org.eclipse.swt\EBWebView\Default lastActive=2026-08-24T23:23:24.030Z
2026-09-02 12:37:24.840: [INFO] OnDoneLoading sync enabled: 0
2026-09-02 12:37:24.840: [INFO] BookmarkModelLoaded, ids_reassigned: 0
2026-09-02 12:37:24.840: [INFO] BookmarksLoadDropped droppedNodes=0
2026-09-02 12:37:24.840: [INFO] BookmarksSnapshot Startup total=0 bar=0 other=0 mobile=0 showBar=0 showBarNTP=1
2026-09-02 13:02:16.414: [INFO] BookmarksSnapshot Shutdown total=0 bar=0 other=0 mobile=0 showBar=0 showBarNTP=1
2026-09-02 13:30:31.675: [INFO] CurrentProfilePath: C:\Users\leoag\Documents\workspace-spring-tools-for-eclipse-5.0.1.RELEASE\.metadata\.plugins\org.eclipse.swt\EBWebView\Default
2026-09-02 13:30:31.675: [INFO] Profiles total count: 1
2026-09-02 13:30:31.675: [INFO] Profile: name=Perfil 1 path=C:\Users\leoag\Documents\workspace-spring-tools-for-eclipse-5.0.1.RELEASE\.metadata\.plugins\org.eclipse.swt\EBWebView\Default lastActive=2026-08-24T23:23:24.030Z
2026-09-02 13:30:31.675: [INFO] LastUsedProfileDir: C:\Users\leoag\Documents\workspace-spring-tools-for-eclipse-5.0.1.RELEASE\.metadata\.plugins\org.eclipse.swt\EBWebView\Default
2026-09-02 13:30:31.675: [INFO] MostRecentlyActiveProfile: name=Perfil 1 path=C:\Users\leoag\Documents\workspace-spring-tools-for-eclipse-5.0.1.RELEASE\.metadata\.plugins\org.eclipse.swt\EBWebView\Default lastActive=2026-08-24T23:23:24.030Z
2026-09-02 13:30:31.675: [INFO] OnDoneLoading sync enabled: 0
2026-09-02 13:30:31.675: [INFO] BookmarkModelLoaded, ids_reassigned: 0
2026-09-02 13:30:31.675: [INFO] BookmarksLoadDropped droppedNodes=0
2026-09-02 13:30:31.675: [INFO] BookmarksSnapshot Startup total=0 bar=0 other=0 mobile=0 showBar=0 showBarNTP=1
2026-09-02 13:31:53.498: [INFO] BookmarksSnapshot Shutdown total=0 bar=0 other=0 mobile=0 showBar=0 showBarNTP=1
2026-09-02 13:32:54.702: [INFO] CurrentProfilePath: C:\Users\leoag\Documents\workspace-spring-tools-for-eclipse-5.0.1.RELEASE\.metadata\.plugins\org.eclipse.swt\EBWebView\Default
2026-09-02 13:32:54.702: [INFO] Profiles total count: 1
2026-09-02 13:32:54.702: [INFO] Profile: name=Perfil 1 path=C:\Users\leoag\Documents\workspace-spring-tools-for-eclipse-5.0.1.RELEASE\.metadata\.plugins\org.eclipse.swt\EBWebView\Default lastActive=2026-08-24T23:23:24.030Z
2026-09-02 13:32:54.702: [INFO] LastUsedProfileDir: C:\Users\leoag\Documents\workspace-spring-tools-for-eclipse-5.0.1.RELEASE\.metadata\.plugins\org.eclipse.swt\EBWebView\Default
2026-09-02 13:32:54.702: [INFO] MostRecentlyActiveProfile: name=Perfil 1 path=C:\Users\leoag\Documents\workspace-spring-tools-for-eclipse-5.0.1.RELEASE\.metadata\.plugins\org.eclipse.swt\EBWebView\Default lastActive=2026-08-24T23:23:24.030Z
2026-09-02 13:32:54.702: [INFO] OnDoneLoading sync enabled: 0
2026-09-02 13:32:54.702: [INFO] BookmarkModelLoaded, ids_reassigned: 0
2026-09-02 13:32:54.702: [INFO] BookmarksLoadDropped droppedNodes=0
2026-09-02 13:32:54.702: [INFO] BookmarksSnapshot Startup total=0 bar=0 other=0 mobile=0 showBar=0 showBarNTP=1
2026-09-02 13:46:35.418: [INFO] BookmarksSnapshot Shutdown total=0 bar=0 other=0 mobile=0 showBar=0 showBarNTP=1
2026-09-02 16:33:11.290: [INFO] CurrentProfilePath: C:\Users\leoag\Documents\workspace-spring-tools-for-eclipse-5.0.1.RELEASE\.metadata\.plugins\org.eclipse.swt\EBWebView\Default
2026-09-02 16:33:11.290: [INFO] Profiles total count: 1
2026-09-02 16:33:11.290: [INFO] Profile: name=Perfil 1 path=C:\Users\leoag\Documents\workspace-spring-tools-for-eclipse-5.0.1.RELEASE\.metadata\.plugins\org.eclipse.swt\EBWebView\Default lastActive=2026-08-24T23:23:24.030Z
2026-09-02 16:33:11.290: [INFO] LastUsedProfileDir: C:\Users\leoag\Documents\workspace-spring-tools-for-eclipse-5.0.1.RELEASE\.metadata\.plugins\org.eclipse.swt\EBWebView\Default
2026-09-02 16:33:11.290: [INFO] MostRecentlyActiveProfile: name=Perfil 1 path=C:\Users\leoag\Documents\workspace-spring-tools-for-eclipse-5.0.1.RELEASE\.metadata\.plugins\org.eclipse.swt\EBWebView\Default lastActive=2026-08-24T23:23:24.030Z
2026-09-02 16:33:11.290: [INFO] OnDoneLoading sync enabled: 0
2026-09-02 16:33:11.290: [INFO] BookmarkModelLoaded, ids_reassigned: 0
2026-09-02 16:33:11.290: [INFO] BookmarksLoadDropped droppedNodes=0
2026-09-02 16:33:11.290: [INFO] BookmarksSnapshot Startup total=0 bar=0 other=0 mobile=0 showBar=0 showBarNTP=1
2026-09-02 17:02:50.350: [INFO] BookmarksSnapshot Shutdown total=0 bar=0 other=0 mobile=0 showBar=0 showBarNTP=1
2026-09-02 19:44:15.487: [INFO] CurrentProfilePath: C:\Users\leoag\Documents\workspace-spring-tools-for-eclipse-5.0.1.RELEASE\.metadata\.plugins\org.eclipse.swt\EBWebView\Default
2026-09-02 19:44:15.487: [INFO] Profiles total count: 1
2026-09-02 19:44:15.488: [INFO] Profile: name=Perfil 1 path=C:\Users\leoag\Documents\workspace-spring-tools-for-eclipse-5.0.1.RELEASE\.metadata\.plugins\org.eclipse.swt\EBWebView\Default lastActive=2026-08-24T23:23:24.030Z
2026-09-02 19:44:15.488: [INFO] LastUsedProfileDir: C:\Users\leoag\Documents\workspace-spring-tools-for-eclipse-5.0.1.RELEASE\.metadata\.plugins\org.eclipse.swt\EBWebView\Default
2026-09-02 19:44:15.488: [INFO] MostRecentlyActiveProfile: name=Perfil 1 path=C:\Users\leoag\Documents\workspace-spring-tools-for-eclipse-5.0.1.RELEASE\.metadata\.plugins\org.eclipse.swt\EBWebView\Default lastActive=2026-08-24T23:23:24.030Z
2026-09-02 19:44:15.488: [INFO] OnDoneLoading sync enabled: 0
2026-09-02 19:44:15.488: [INFO] BookmarkModelLoaded, ids_reassigned: 0
2026-09-02 19:44:15.488: [INFO] BookmarksLoadDropped droppedNodes=0
2026-09-02 19:44:15.488: [INFO] BookmarksSnapshot Startup total=0 bar=0 other=0 mobile=0 showBar=0 showBarNTP=1
2026-09-02 19:44:35.746: [INFO] BookmarksSnapshot Shutdown total=0 bar=0 other=0 mobile=0 showBar=0 showBarNTP=1
2026-09-02 19:45:50.036: [INFO] CurrentProfilePath: C:\Users\leoag\Documents\workspace-spring-tools-for-eclipse-5.0.1.RELEASE\.metadata\.plugins\org.eclipse.swt\EBWebView\Default
2026-09-02 19:45:50.037: [INFO] Profiles total count: 1
2026-09-02 19:45:50.037: [INFO] Profile: name=Perfil 1 path=C:\Users\leoag\Documents\workspace-spring-tools-for-eclipse-5.0.1.RELEASE\.metadata\.plugins\org.eclipse.swt\EBWebView\Default lastActive=2026-08-24T23:23:24.030Z
2026-09-02 19:45:50.037: [INFO] LastUsedProfileDir: C:\Users\leoag\Documents\workspace-spring-tools-for-eclipse-5.0.1.RELEASE\.metadata\.plugins\org.eclipse.swt\EBWebView\Default
2026-09-02 19:45:50.037: [INFO] MostRecentlyActiveProfile: name=Perfil 1 path=C:\Users\leoag\Documents\workspace-spring-tools-for-eclipse-5.0.1.RELEASE\.metadata\.plugins\org.eclipse.swt\EBWebView\Default lastActive=2026-08-24T23:23:24.030Z
2026-09-02 19:45:50.037: [INFO] OnDoneLoading sync enabled: 0
2026-09-02 19:45:50.037: [INFO] BookmarkModelLoaded, ids_reassigned: 0
2026-09-02 19:45:50.037: [INFO] BookmarksLoadDropped droppedNodes=0
2026-09-02 19:45:50.037: [INFO] BookmarksSnapshot Startup total=0 bar=0 other=0 mobile=0 showBar=0 showBarNTP=1
2026-09-02 19:48:46.746: [INFO] BookmarksSnapshot Shutdown total=0 bar=0 other=0 mobile=0 showBar=0 showBarNTP=1
2026-09-02 20:18:40.307: [INFO] CurrentProfilePath: C:\Users\leoag\Documents\workspace-spring-tools-for-eclipse-5.0.1.RELEASE\.metadata\.plugins\org.eclipse.swt\EBWebView\Default
2026-09-02 20:18:40.307: [INFO] Profiles total count: 1
2026-09-02 20:18:40.307: [INFO] Profile: name=Perfil 1 path=C:\Users\leoag\Documents\workspace-spring-tools-for-eclipse-5.0.1.RELEASE\.metadata\.plugins\org.eclipse.swt\EBWebView\Default lastActive=2026-08-24T23:23:24.030Z
2026-09-02 20:18:40.307: [INFO] LastUsedProfileDir: C:\Users\leoag\Documents\workspace-spring-tools-for-eclipse-5.0.1.RELEASE\.metadata\.plugins\org.eclipse.swt\EBWebView\Default
2026-09-02 20:18:40.307: [INFO] MostRecentlyActiveProfile: name=Perfil 1 path=C:\Users\leoag\Documents\workspace-spring-tools-for-eclipse-5.0.1.RELEASE\.metadata\.plugins\org.eclipse.swt\EBWebView\Default lastActive=2026-08-24T23:23:24.030Z
2026-09-02 20:18:40.307: [INFO] OnDoneLoading sync enabled: 0
2026-09-02 20:18:40.307: [INFO] BookmarkModelLoaded, ids_reassigned: 0
2026-09-02 20:18:40.307: [INFO] BookmarksLoadDropped droppedNodes=0
2026-09-02 20:18:40.307: [INFO] BookmarksSnapshot Startup total=0 bar=0 other=0 mobile=0 showBar=0 showBarNTP=1
2026-09-02 20:19:19.985: [INFO] BookmarksSnapshot Shutdown total=0 bar=0 other=0 mobile=0 showBar=0 showBarNTP=1
2026-09-03 19:32:03.401: [INFO] CurrentProfilePath: C:\Users\leoag\Documents\workspace-spring-tools-for-eclipse-5.0.1.RELEASE\.metadata\.plugins\org.eclipse.swt\EBWebView\Default
2026-09-03 19:32:03.401: [INFO] Profiles total count: 1
2026-09-03 19:32:03.401: [INFO] Profile: name=Perfil 1 path=C:\Users\leoag\Documents\workspace-spring-tools-for-eclipse-5.0.1.RELEASE\.metadata\.plugins\org.eclipse.swt\EBWebView\Default lastActive=2026-08-24T23:23:24.030Z
2026-09-03 19:32:03.401: [INFO] LastUsedProfileDir: C:\Users\leoag\Documents\workspace-spring-tools-for-eclipse-5.0.1.RELEASE\.metadata\.plugins\org.eclipse.swt\EBWebView\Default
2026-09-03 19:32:03.401: [INFO] MostRecentlyActiveProfile: name=Perfil 1 path=C:\Users\leoag\Documents\workspace-spring-tools-for-eclipse-5.0.1.RELEASE\.metadata\.plugins\org.eclipse.swt\EBWebView\Default lastActive=2026-08-24T23:23:24.030Z
2026-09-03 19:32:03.401: [INFO] OnDoneLoading sync enabled: 0
2026-09-03 19:32:03.401: [INFO] BookmarkModelLoaded, ids_reassigned: 0
2026-09-03 19:32:03.401: [INFO] BookmarksLoadDropped droppedNodes=0
2026-09-03 19:32:03.401: [INFO] BookmarksSnapshot Startup total=0 bar=0 other=0 mobile=0 showBar=0 showBarNTP=1
2026-09-03 19:32:40.745: [INFO] BookmarksSnapshot Shutdown total=0 bar=0 other=0 mobile=0 showBar=0 showBarNTP=1
2026-09-04 11:40:41.006: [INFO] CurrentProfilePath: C:\Users\leoag\Documents\workspace-spring-tools-for-eclipse-5.0.1.RELEASE\.metadata\.plugins\org.eclipse.swt\EBWebView\Default
2026-09-04 11:40:41.006: [INFO] Profiles total count: 1
2026-09-04 11:40:41.006: [INFO] Profile: name=Perfil 1 path=C:\Users\leoag\Documents\workspace-spring-tools-for-eclipse-5.0.1.RELEASE\.metadata\.plugins\org.eclipse.swt\EBWebView\Default lastActive=2026-08-24T23:23:24.030Z
2026-09-04 11:40:41.006: [INFO] LastUsedProfileDir: C:\Users\leoag\Documents\workspace-spring-tools-for-eclipse-5.0.1.RELEASE\.metadata\.plugins\org.eclipse.swt\EBWebView\Default
2026-09-04 11:40:41.007: [INFO] MostRecentlyActiveProfile: name=Perfil 1 path=C:\Users\leoag\Documents\workspace-spring-tools-for-eclipse-5.0.1.RELEASE\.metadata\.plugins\org.eclipse.swt\EBWebView\Default lastActive=2026-08-24T23:23:24.030Z
2026-09-04 11:40:41.007: [INFO] OnDoneLoading sync enabled: 0
2026-09-04 11:40:41.007: [INFO] BookmarkModelLoaded, ids_reassigned: 0
2026-09-04 11:40:41.007: [INFO] BookmarksLoadDropped droppedNodes=0
2026-09-04 11:40:41.007: [INFO] BookmarksSnapshot Startup total=0 bar=0 other=0 mobile=0 showBar=0 showBarNTP=1
2026-09-04 12:33:52.474: [INFO] BookmarksSnapshot Shutdown total=0 bar=0 other=0 mobile=0 showBar=0 showBarNTP=1
2026-09-07 17:33:59.429: [INFO] CurrentProfilePath: C:\Users\leoag\Documents\workspace-spring-tools-for-eclipse-5.0.1.RELEASE\.metadata\.plugins\org.eclipse.swt\EBWebView\Default
2026-09-07 17:33:59.429: [INFO] Profiles total count: 1
2026-09-07 17:33:59.430: [INFO] Profile: name=Perfil 1 path=C:\Users\leoag\Documents\workspace-spring-tools-for-eclipse-5.0.1.RELEASE\.metadata\.plugins\org.eclipse.swt\EBWebView\Default lastActive=2026-08-24T23:23:24.030Z
2026-09-07 17:33:59.430: [INFO] LastUsedProfileDir: C:\Users\leoag\Documents\workspace-spring-tools-for-eclipse-5.0.1.RELEASE\.metadata\.plugins\org.eclipse.swt\EBWebView\Default
2026-09-07 17:33:59.430: [INFO] MostRecentlyActiveProfile: name=Perfil 1 path=C:\Users\leoag\Documents\workspace-spring-tools-for-eclipse-5.0.1.RELEASE\.metadata\.plugins\org.eclipse.swt\EBWebView\Default lastActive=2026-08-24T23:23:24.030Z
2026-09-07 17:33:59.431: [INFO] OnDoneLoading sync enabled: 0
2026-09-07 17:33:59.431: [INFO] BookmarkModelLoaded, ids_reassigned: 0
2026-09-07 17:33:59.431: [INFO] BookmarksLoadDropped droppedNodes=0
2026-09-07 17:33:59.431: [INFO] BookmarksSnapshot Startup total=0 bar=0 other=0 mobile=0 showBar=0 showBarNTP=1
2026-09-07 21:49:51.136: [INFO] BookmarksSnapshot Shutdown total=0 bar=0 other=0 mobile=0 showBar=0 showBarNTP=1
2026-09-09 12:18:48.800: [INFO] CurrentProfilePath: C:\Users\leoag\Documents\workspace-spring-tools-for-eclipse-5.0.1.RELEASE\.metadata\.plugins\org.eclipse.swt\EBWebView\Default
2026-09-09 12:18:48.800: [INFO] Profiles total count: 1
2026-09-09 12:18:48.800: [INFO] Profile: name=Perfil 1 path=C:\Users\leoag\Documents\workspace-spring-tools-for-eclipse-5.0.1.RELEASE\.metadata\.plugins\org.eclipse.swt\EBWebView\Default lastActive=2026-08-24T23:23:24.030Z
2026-09-09 12:18:48.800: [INFO] LastUsedProfileDir: C:\Users\leoag\Documents\workspace-spring-tools-for-eclipse-5.0.1.RELEASE\.metadata\.plugins\org.eclipse.swt\EBWebView\Default
2026-09-09 12:18:48.800: [INFO] MostRecentlyActiveProfile: name=Perfil 1 path=C:\Users\leoag\Documents\workspace-spring-tools-for-eclipse-5.0.1.RELEASE\.metadata\.plugins\org.eclipse.swt\EBWebView\Default lastActive=2026-08-24T23:23:24.030Z
2026-09-09 12:18:48.800: [INFO] OnDoneLoading sync enabled: 0
2026-09-09 12:18:48.801: [INFO] BookmarkModelLoaded, ids_reassigned: 0
2026-09-09 12:18:48.801: [INFO] BookmarksLoadDropped droppedNodes=0
2026-09-09 12:18:48.801: [INFO] BookmarksSnapshot Startup total=0 bar=0 other=0 mobile=0 showBar=0 showBarNTP=1
2026-09-09 13:01:03.879: [INFO] BookmarksSnapshot Shutdown total=0 bar=0 other=0 mobile=0 showBar=0 showBarNTP=1
2026-09-10 12:15:49.902: [INFO] CurrentProfilePath: C:\Users\leoag\Documents\workspace-spring-tools-for-eclipse-5.0.1.RELEASE\.metadata\.plugins\org.eclipse.swt\EBWebView\Default
2026-09-10 12:15:49.903: [INFO] Profiles total count: 1
2026-09-10 12:15:49.903: [INFO] Profile: name=Perfil 1 path=C:\Users\leoag\Documents\workspace-spring-tools-for-eclipse-5.0.1.RELEASE\.metadata\.plugins\org.eclipse.swt\EBWebView\Default lastActive=2026-08-24T23:23:24.030Z
2026-09-10 12:15:49.904: [INFO] LastUsedProfileDir: C:\Users\leoag\Documents\workspace-spring-tools-for-eclipse-5.0.1.RELEASE\.metadata\.plugins\org.eclipse.swt\EBWebView\Default
2026-09-10 12:15:49.904: [INFO] MostRecentlyActiveProfile: name=Perfil 1 path=C:\Users\leoag\Documents\workspace-spring-tools-for-eclipse-5.0.1.RELEASE\.metadata\.plugins\org.eclipse.swt\EBWebView\Default lastActive=2026-08-24T23:23:24.030Z
2026-09-10 12:15:49.904: [INFO] OnDoneLoading sync enabled: 0
2026-09-10 12:15:49.905: [INFO] BookmarkModelLoaded, ids_reassigned: 0
2026-09-10 12:15:49.905: [INFO] BookmarksLoadDropped droppedNodes=0
2026-09-10 12:15:49.905: [INFO] BookmarksSnapshot Startup total=0 bar=0 other=0 mobile=0 showBar=0 showBarNTP=1
2026-09-10 12:31:17.044: [INFO] BookmarksSnapshot Shutdown total=0 bar=0 other=0 mobile=0 showBar=0 showBarNTP=1
2026-09-11 11:40:39.070: [INFO] CurrentProfilePath: C:\Users\leoag\Documents\workspace-spring-tools-for-eclipse-5.0.1.RELEASE\.metadata\.plugins\org.eclipse.swt\EBWebView\Default
2026-09-11 11:40:39.070: [INFO] Profiles total count: 1
2026-09-11 11:40:39.070: [INFO] Profile: name=Perfil 1 path=C:\Users\leoag\Documents\workspace-spring-tools-for-eclipse-5.0.1.RELEASE\.metadata\.plugins\org.eclipse.swt\EBWebView\Default lastActive=2026-08-24T23:23:24.030Z
2026-09-11 11:40:39.070: [INFO] LastUsedProfileDir: C:\Users\leoag\Documents\workspace-spring-tools-for-eclipse-5.0.1.RELEASE\.metadata\.plugins\org.eclipse.swt\EBWebView\Default
2026-09-11 11:40:39.070: [INFO] MostRecentlyActiveProfile: name=Perfil 1 path=C:\Users\leoag\Documents\workspace-spring-tools-for-eclipse-5.0.1.RELEASE\.metadata\.plugins\org.eclipse.swt\EBWebView\Default lastActive=2026-08-24T23:23:24.030Z
2026-09-11 11:40:39.070: [INFO] OnDoneLoading sync enabled: 0
2026-09-11 11:40:39.070: [INFO] BookmarkModelLoaded, ids_reassigned: 0
2026-09-11 11:40:39.070: [INFO] BookmarksLoadDropped droppedNodes=0
2026-09-11 11:40:39.070: [INFO] BookmarksSnapshot Startup total=0 bar=0 other=0 mobile=0 showBar=0 showBarNTP=1
2026-09-11 22:51:51.190: [INFO] BookmarksSnapshot Shutdown total=0 bar=0 other=0 mobile=0 showBar=0 showBarNTP=1
2026-09-11 23:18:51.807: [INFO] CurrentProfilePath: C:\Users\leoag\Documents\workspace-spring-tools-for-eclipse-5.0.1.RELEASE\.metadata\.plugins\org.eclipse.swt\EBWebView\Default
2026-09-11 23:18:51.807: [INFO] Profiles total count: 1
2026-09-11 23:18:51.807: [INFO] Profile: name=Perfil 1 path=C:\Users\leoag\Documents\workspace-spring-tools-for-eclipse-5.0.1.RELEASE\.metadata\.plugins\org.eclipse.swt\EBWebView\Default lastActive=2026-08-24T23:23:24.030Z
2026-09-11 23:18:51.807: [INFO] LastUsedProfileDir: C:\Users\leoag\Documents\workspace-spring-tools-for-eclipse-5.0.1.RELEASE\.metadata\.plugins\org.eclipse.swt\EBWebView\Default
2026-09-11 23:18:51.808: [INFO] MostRecentlyActiveProfile: name=Perfil 1 path=C:\Users\leoag\Documents\workspace-spring-tools-for-eclipse-5.0.1.RELEASE\.metadata\.plugins\org.eclipse.swt\EBWebView\Default lastActive=2026-08-24T23:23:24.030Z
2026-09-11 23:18:51.808: [INFO] OnDoneLoading sync enabled: 0
2026-09-11 23:18:51.808: [INFO] BookmarkModelLoaded, ids_reassigned: 0
2026-09-11 23:18:51.808: [INFO] BookmarksLoadDropped droppedNodes=0
2026-09-11 23:18:51.808: [INFO] BookmarksSnapshot Startup total=0 bar=0 other=0 mobile=0 showBar=0 showBarNTP=1
2026-09-11 23:33:25.254: [INFO] BookmarksSnapshot Shutdown total=0 bar=0 other=0 mobile=0 showBar=0 showBarNTP=1
2026-09-12 11:51:28.439: [INFO] CurrentProfilePath: C:\Users\leoag\Documents\workspace-spring-tools-for-eclipse-5.0.1.RELEASE\.metadata\.plugins\org.eclipse.swt\EBWebView\Default
2026-09-12 11:51:28.439: [INFO] Profiles total count: 1
2026-09-12 11:51:28.439: [INFO] Profile: name=Perfil 1 path=C:\Users\leoag\Documents\workspace-spring-tools-for-eclipse-5.0.1.RELEASE\.metadata\.plugins\org.eclipse.swt\EBWebView\Default lastActive=2026-08-24T23:23:24.030Z
2026-09-12 11:51:28.439: [INFO] LastUsedProfileDir: C:\Users\leoag\Documents\workspace-spring-tools-for-eclipse-5.0.1.RELEASE\.metadata\.plugins\org.eclipse.swt\EBWebView\Default
2026-09-12 11:51:28.439: [INFO] MostRecentlyActiveProfile: name=Perfil 1 path=C:\Users\leoag\Documents\workspace-spring-tools-for-eclipse-5.0.1.RELEASE\.metadata\.plugins\org.eclipse.swt\EBWebView\Default lastActive=2026-08-24T23:23:24.030Z
2026-09-12 11:51:28.439: [INFO] OnDoneLoading sync enabled: 0
2026-09-12 11:51:28.439: [INFO] BookmarkModelLoaded, ids_reassigned: 0
2026-09-12 11:51:28.439: [INFO] BookmarksLoadDropped droppedNodes=0
2026-09-12 11:51:28.439: [INFO] BookmarksSnapshot Startup total=0 bar=0 other=0 mobile=0 showBar=0 showBarNTP=1
2026-09-12 11:55:12.747: [INFO] BookmarksSnapshot Shutdown total=0 bar=0 other=0 mobile=0 showBar=0 showBarNTP=1
2026-09-12 11:55:13.554: [INFO] CurrentProfilePath: C:\Users\leoag\Documents\workspace-spring-tools-for-eclipse-5.0.1.RELEASE\.metadata\.plugins\org.eclipse.swt\EBWebView\Default
2026-09-12 11:55:13.554: [INFO] Profiles total count: 1
2026-09-12 11:55:13.554: [INFO] Profile: name=Perfil 1 path=C:\Users\leoag\Documents\workspace-spring-tools-for-eclipse-5.0.1.RELEASE\.metadata\.plugins\org.eclipse.swt\EBWebView\Default lastActive=2026-08-24T23:23:24.030Z
2026-09-12 11:55:13.554: [INFO] LastUsedProfileDir: C:\Users\leoag\Documents\workspace-spring-tools-for-eclipse-5.0.1.RELEASE\.metadata\.plugins\org.eclipse.swt\EBWebView\Default
2026-09-12 11:55:13.554: [INFO] MostRecentlyActiveProfile: name=Perfil 1 path=C:\Users\leoag\Documents\workspace-spring-tools-for-eclipse-5.0.1.RELEASE\.metadata\.plugins\org.eclipse.swt\EBWebView\Default lastActive=2026-08-24T23:23:24.030Z
2026-09-12 11:55:13.554: [INFO] OnDoneLoading sync enabled: 0
2026-09-12 11:55:13.554: [INFO] BookmarkModelLoaded, ids_reassigned: 0
2026-09-12 11:55:13.554: [INFO] BookmarksLoadDropped droppedNodes=0
2026-09-12 11:55:13.554: [INFO] BookmarksSnapshot Startup total=0 bar=0 other=0 mobile=0 showBar=0 showBarNTP=1
2026-09-12 11:56:27.302: [INFO] BookmarksSnapshot Shutdown total=0 bar=0 other=0 mobile=0 showBar=0 showBarNTP=1
2026-09-12 11:56:27.774: [INFO] CurrentProfilePath: C:\Users\leoag\Documents\workspace-spring-tools-for-eclipse-5.0.1.RELEASE\.metadata\.plugins\org.eclipse.swt\EBWebView\Default
2026-09-12 11:56:27.774: [INFO] Profiles total count: 1
2026-09-12 11:56:27.774: [INFO] Profile: name=Perfil 1 path=C:\Users\leoag\Documents\workspace-spring-tools-for-eclipse-5.0.1.RELEASE\.metadata\.plugins\org.eclipse.swt\EBWebView\Default lastActive=2026-08-24T23:23:24.030Z
2026-09-12 11:56:27.774: [INFO] LastUsedProfileDir: C:\Users\leoag\Documents\workspace-spring-tools-for-eclipse-5.0.1.RELEASE\.metadata\.plugins\org.eclipse.swt\EBWebView\Default
2026-09-12 11:56:27.774: [INFO] MostRecentlyActiveProfile: name=Perfil 1 path=C:\Users\leoag\Documents\workspace-spring-tools-for-eclipse-5.0.1.RELEASE\.metadata\.plugins\org.eclipse.swt\EBWebView\Default lastActive=2026-08-24T23:23:24.030Z
2026-09-12 11:56:27.774: [INFO] OnDoneLoading sync enabled: 0
2026-09-12 11:56:27.774: [INFO] BookmarkModelLoaded, ids_reassigned: 0
2026-09-12 11:56:27.774: [INFO] BookmarksLoadDropped droppedNodes=0
2026-09-12 11:56:27.774: [INFO] BookmarksSnapshot Startup total=0 bar=0 other=0 mobile=0 showBar=0 showBarNTP=1
2026-09-12 11:57:09.022: [INFO] BookmarksSnapshot Shutdown total=0 bar=0 other=0 mobile=0 showBar=0 showBarNTP=1
2026-09-12 11:57:10.026: [INFO] CurrentProfilePath: C:\Users\leoag\Documents\workspace-spring-tools-for-eclipse-5.0.1.RELEASE\.metadata\.plugins\org.eclipse.swt\EBWebView\Default
2026-09-12 11:57:10.026: [INFO] Profiles total count: 1
2026-09-12 11:57:10.026: [INFO] Profile: name=Perfil 1 path=C:\Users\leoag\Documents\workspace-spring-tools-for-eclipse-5.0.1.RELEASE\.metadata\.plugins\org.eclipse.swt\EBWebView\Default lastActive=2026-08-24T23:23:24.030Z
2026-09-12 11:57:10.026: [INFO] LastUsedProfileDir: C:\Users\leoag\Documents\workspace-spring-tools-for-eclipse-5.0.1.RELEASE\.metadata\.plugins\org.eclipse.swt\EBWebView\Default
2026-09-12 11:57:10.026: [INFO] MostRecentlyActiveProfile: name=Perfil 1 path=C:\Users\leoag\Documents\workspace-spring-tools-for-eclipse-5.0.1.RELEASE\.metadata\.plugins\org.eclipse.swt\EBWebView\Default lastActive=2026-08-24T23:23:24.030Z
2026-09-12 11:57:10.026: [INFO] OnDoneLoading sync enabled: 0
2026-09-12 11:57:10.026: [INFO] BookmarkModelLoaded, ids_reassigned: 0
2026-09-12 11:57:10.026: [INFO] BookmarksLoadDropped droppedNodes=0
2026-09-12 11:57:10.026: [INFO] BookmarksSnapshot Startup total=0 bar=0 other=0 mobile=0 showBar=0 showBarNTP=1
2026-09-12 12:14:02.819: [INFO] CurrentProfilePath: C:\Users\leoag\Documents\workspace-spring-tools-for-eclipse-5.0.1.RELEASE\.metadata\.plugins\org.eclipse.swt\EBWebView\Default
2026-09-12 12:14:02.819: [INFO] Profiles total count: 1
2026-09-12 12:14:02.821: [INFO] Profile: name=Perfil 1 path=C:\Users\leoag\Documents\workspace-spring-tools-for-eclipse-5.0.1.RELEASE\.metadata\.plugins\org.eclipse.swt\EBWebView\Default lastActive=2026-08-24T23:23:24.030Z
2026-09-12 12:14:02.821: [INFO] LastUsedProfileDir: C:\Users\leoag\Documents\workspace-spring-tools-for-eclipse-5.0.1.RELEASE\.metadata\.plugins\org.eclipse.swt\EBWebView\Default
2026-09-12 12:14:02.821: [INFO] MostRecentlyActiveProfile: name=Perfil 1 path=C:\Users\leoag\Documents\workspace-spring-tools-for-eclipse-5.0.1.RELEASE\.metadata\.plugins\org.eclipse.swt\EBWebView\Default lastActive=2026-08-24T23:23:24.030Z
2026-09-12 12:14:02.821: [INFO] OnDoneLoading sync enabled: 0
2026-09-12 12:14:02.821: [INFO] BookmarkModelLoaded, ids_reassigned: 0
2026-09-12 12:14:02.821: [INFO] BookmarksLoadDropped droppedNodes=0
2026-09-12 12:14:02.821: [INFO] BookmarksSnapshot Startup total=0 bar=0 other=0 mobile=0 showBar=0 showBarNTP=1
2026-09-12 12:50:01.883: [INFO] BookmarksSnapshot Shutdown total=0 bar=0 other=0 mobile=0 showBar=0 showBarNTP=1
2026-09-13 14:47:30.781: [INFO] CurrentProfilePath: C:\Users\leoag\Documents\workspace-spring-tools-for-eclipse-5.0.1.RELEASE\.metadata\.plugins\org.eclipse.swt\EBWebView\Default
2026-09-13 14:47:30.781: [INFO] Profiles total count: 1
2026-09-13 14:47:30.782: [INFO] Profile: name=Perfil 1 path=C:\Users\leoag\Documents\workspace-spring-tools-for-eclipse-5.0.1.RELEASE\.metadata\.plugins\org.eclipse.swt\EBWebView\Default lastActive=2026-08-24T23:23:24.030Z
2026-09-13 14:47:30.782: [INFO] LastUsedProfileDir: C:\Users\leoag\Documents\workspace-spring-tools-for-eclipse-5.0.1.RELEASE\.metadata\.plugins\org.eclipse.swt\EBWebView\Default
2026-09-13 14:47:30.782: [INFO] MostRecentlyActiveProfile: name=Perfil 1 path=C:\Users\leoag\Documents\workspace-spring-tools-for-eclipse-5.0.1.RELEASE\.metadata\.plugins\org.eclipse.swt\EBWebView\Default lastActive=2026-08-24T23:23:24.030Z
2026-09-13 14:47:30.782: [INFO] OnDoneLoading sync enabled: 0
2026-09-13 14:47:30.782: [INFO] BookmarkModelLoaded, ids_reassigned: 0
2026-09-13 14:47:30.782: [INFO] BookmarksLoadDropped droppedNodes=0
2026-09-13 14:47:30.782: [INFO] BookmarksSnapshot Startup total=0 bar=0 other=0 mobile=0 showBar=0 showBarNTP=1
2026-09-13 15:31:31.955: [INFO] BookmarksSnapshot Shutdown total=0 bar=0 other=0 mobile=0 showBar=0 showBarNTP=1
2026-09-13 22:46:03.983: [INFO] CurrentProfilePath: C:\Users\leoag\Documents\workspace-spring-tools-for-eclipse-5.0.1.RELEASE\.metadata\.plugins\org.eclipse.swt\EBWebView\Default
2026-09-13 22:46:03.983: [INFO] Profiles total count: 1
2026-09-13 22:46:03.983: [INFO] Profile: name=Perfil 1 path=C:\Users\leoag\Documents\workspace-spring-tools-for-eclipse-5.0.1.RELEASE\.metadata\.plugins\org.eclipse.swt\EBWebView\Default lastActive=2026-08-24T23:23:24.030Z
2026-09-13 22:46:03.983: [INFO] LastUsedProfileDir: C:\Users\leoag\Documents\workspace-spring-tools-for-eclipse-5.0.1.RELEASE\.metadata\.plugins\org.eclipse.swt\EBWebView\Default
2026-09-13 22:46:03.983: [INFO] MostRecentlyActiveProfile: name=Perfil 1 path=C:\Users\leoag\Documents\workspace-spring-tools-for-eclipse-5.0.1.RELEASE\.metadata\.plugins\org.eclipse.swt\EBWebView\Default lastActive=2026-08-24T23:23:24.030Z
2026-09-13 22:46:03.983: [INFO] OnDoneLoading sync enabled: 0
2026-09-13 22:46:03.983: [INFO] BookmarkModelLoaded, ids_reassigned: 0
2026-09-13 22:46:03.983: [INFO] BookmarksLoadDropped droppedNodes=0
2026-09-13 22:46:03.983: [INFO] BookmarksSnapshot Startup total=0 bar=0 other=0 mobile=0 showBar=0 showBarNTP=1
2026-09-13 23:01:19.211: [INFO] BookmarksSnapshot Shutdown total=0 bar=0 other=0 mobile=0 showBar=0 showBarNTP=1
2026-09-13 23:23:11.109: [INFO] CurrentProfilePath: C:\Users\leoag\Documents\workspace-spring-tools-for-eclipse-5.0.1.RELEASE\.metadata\.plugins\org.eclipse.swt\EBWebView\Default
2026-09-13 23:23:11.109: [INFO] Profiles total count: 1
2026-09-13 23:23:11.109: [INFO] Profile: name=Perfil 1 path=C:\Users\leoag\Documents\workspace-spring-tools-for-eclipse-5.0.1.RELEASE\.metadata\.plugins\org.eclipse.swt\EBWebView\Default lastActive=2026-08-24T23:23:24.030Z
2026-09-13 23:23:11.109: [INFO] LastUsedProfileDir: C:\Users\leoag\Documents\workspace-spring-tools-for-eclipse-5.0.1.RELEASE\.metadata\.plugins\org.eclipse.swt\EBWebView\Default
2026-09-13 23:23:11.109: [INFO] MostRecentlyActiveProfile: name=Perfil 1 path=C:\Users\leoag\Documents\workspace-spring-tools-for-eclipse-5.0.1.RELEASE\.metadata\.plugins\org.eclipse.swt\EBWebView\Default lastActive=2026-08-24T23:23:24.030Z
2026-09-13 23:23:11.109: [INFO] OnDoneLoading sync enabled: 0
2026-09-13 23:23:11.109: [INFO] BookmarkModelLoaded, ids_reassigned: 0
2026-09-13 23:23:11.109: [INFO] BookmarksLoadDropped droppedNodes=0
2026-09-13 23:23:11.109: [INFO] BookmarksSnapshot Startup total=0 bar=0 other=0 mobile=0 showBar=0 showBarNTP=1
2026-09-13 23:43:32.934: [INFO] BookmarksSnapshot Shutdown total=0 bar=0 other=0 mobile=0 showBar=0 showBarNTP=1
2026-09-14 11:51:42.400: [INFO] CurrentProfilePath: C:\Users\leoag\Documents\workspace-spring-tools-for-eclipse-5.0.1.RELEASE\.metadata\.plugins\org.eclipse.swt\EBWebView\Default
2026-09-14 11:51:42.400: [INFO] Profiles total count: 1
2026-09-14 11:51:42.400: [INFO] Profile: name=Perfil 1 path=C:\Users\leoag\Documents\workspace-spring-tools-for-eclipse-5.0.1.RELEASE\.metadata\.plugins\org.eclipse.swt\EBWebView\Default lastActive=2026-08-24T23:23:24.030Z
2026-09-14 11:51:42.400: [INFO] LastUsedProfileDir: C:\Users\leoag\Documents\workspace-spring-tools-for-eclipse-5.0.1.RELEASE\.metadata\.plugins\org.eclipse.swt\EBWebView\Default
2026-09-14 11:51:42.400: [INFO] MostRecentlyActiveProfile: name=Perfil 1 path=C:\Users\leoag\Documents\workspace-spring-tools-for-eclipse-5.0.1.RELEASE\.metadata\.plugins\org.eclipse.swt\EBWebView\Default lastActive=2026-08-24T23:23:24.030Z
2026-09-14 11:51:42.401: [INFO] OnDoneLoading sync enabled: 0
2026-09-14 11:51:42.401: [INFO] BookmarkModelLoaded, ids_reassigned: 0
2026-09-14 11:51:42.401: [INFO] BookmarksLoadDropped droppedNodes=0
2026-09-14 11:51:42.401: [INFO] BookmarksSnapshot Startup total=0 bar=0 other=0 mobile=0 showBar=0 showBarNTP=1
2026-09-14 12:20:22.477: [INFO] BookmarksSnapshot Shutdown total=0 bar=0 other=0 mobile=0 showBar=0 showBarNTP=1
2026-09-15 11:20:31.228: [INFO] CurrentProfilePath: C:\Users\leoag\Documents\workspace-spring-tools-for-eclipse-5.0.1.RELEASE\.metadata\.plugins\org.eclipse.swt\EBWebView\Default
2026-09-15 11:20:31.228: [INFO] Profiles total count: 1
2026-09-15 11:20:31.233: [INFO] Profile: name=Perfil 1 path=C:\Users\leoag\Documents\workspace-spring-tools-for-eclipse-5.0.1.RELEASE\.metadata\.plugins\org.eclipse.swt\EBWebView\Default lastActive=2026-08-24T23:23:24.030Z
2026-09-15 11:20:31.233: [INFO] LastUsedProfileDir: C:\Users\leoag\Documents\workspace-spring-tools-for-eclipse-5.0.1.RELEASE\.metadata\.plugins\org.eclipse.swt\EBWebView\Default
2026-09-15 11:20:31.233: [INFO] MostRecentlyActiveProfile: name=Perfil 1 path=C:\Users\leoag\Documents\workspace-spring-tools-for-eclipse-5.0.1.RELEASE\.metadata\.plugins\org.eclipse.swt\EBWebView\Default lastActive=2026-08-24T23:23:24.030Z
2026-09-15 11:20:31.233: [INFO] OnDoneLoading sync enabled: 0
2026-09-15 11:20:31.233: [INFO] BookmarkModelLoaded, ids_reassigned: 0
2026-09-15 11:20:31.233: [INFO] BookmarksLoadDropped droppedNodes=0
2026-09-15 11:20:31.233: [INFO] BookmarksSnapshot Startup total=0 bar=0 other=0 mobile=0 showBar=0 showBarNTP=1
2026-09-15 11:35:23.061: [INFO] BookmarksSnapshot Shutdown total=0 bar=0 other=0 mobile=0 showBar=0 showBarNTP=1
2026-09-15 12:05:40.605: [INFO] CurrentProfilePath: C:\Users\leoag\Documents\workspace-spring-tools-for-eclipse-5.0.1.RELEASE\.metadata\.plugins\org.eclipse.swt\EBWebView\Default
2026-09-15 12:05:40.605: [INFO] Profiles total count: 1
2026-09-15 12:05:40.612: [INFO] Profile: name=Perfil 1 path=C:\Users\leoag\Documents\workspace-spring-tools-for-eclipse-5.0.1.RELEASE\.metadata\.plugins\org.eclipse.swt\EBWebView\Default lastActive=2026-08-24T23:23:24.030Z
2026-09-15 12:05:40.612: [INFO] LastUsedProfileDir: C:\Users\leoag\Documents\workspace-spring-tools-for-eclipse-5.0.1.RELEASE\.metadata\.plugins\org.eclipse.swt\EBWebView\Default
2026-09-15 12:05:40.612: [INFO] MostRecentlyActiveProfile: name=Perfil 1 path=C:\Users\leoag\Documents\workspace-spring-tools-for-eclipse-5.0.1.RELEASE\.metadata\.plugins\org.eclipse.swt\EBWebView\Default lastActive=2026-08-24T23:23:24.030Z
2026-09-15 12:05:40.612: [INFO] OnDoneLoading sync enabled: 0
2026-09-15 12:05:40.612: [INFO] BookmarkModelLoaded, ids_reassigned: 0
2026-09-15 12:05:40.612: [INFO] BookmarksLoadDropped droppedNodes=0
2026-09-15 12:05:40.612: [INFO] BookmarksSnapshot Startup total=0 bar=0 other=0 mobile=0 showBar=0 showBarNTP=1
2026-09-15 12:15:44.339: [INFO] BookmarksSnapshot Shutdown total=0 bar=0 other=0 mobile=0 showBar=0 showBarNTP=1
2026-09-15 12:19:12.767: [INFO] CurrentProfilePath: C:\Users\leoag\Documents\workspace-spring-tools-for-eclipse-5.0.1.RELEASE\.metadata\.plugins\org.eclipse.swt\EBWebView\Default
2026-09-15 12:19:12.767: [INFO] Profiles total count: 1
2026-09-15 12:19:12.776: [INFO] Profile: name=Perfil 1 path=C:\Users\leoag\Documents\workspace-spring-tools-for-eclipse-5.0.1.RELEASE\.metadata\.plugins\org.eclipse.swt\EBWebView\Default lastActive=2026-08-24T23:23:24.030Z
2026-09-15 12:19:12.776: [INFO] LastUsedProfileDir: C:\Users\leoag\Documents\workspace-spring-tools-for-eclipse-5.0.1.RELEASE\.metadata\.plugins\org.eclipse.swt\EBWebView\Default
2026-09-15 12:19:12.776: [INFO] MostRecentlyActiveProfile: name=Perfil 1 path=C:\Users\leoag\Documents\workspace-spring-tools-for-eclipse-5.0.1.RELEASE\.metadata\.plugins\org.eclipse.swt\EBWebView\Default lastActive=2026-08-24T23:23:24.030Z
2026-09-15 12:19:12.776: [INFO] OnDoneLoading sync enabled: 0
2026-09-15 12:19:12.776: [INFO] BookmarkModelLoaded, ids_reassigned: 0
2026-09-15 12:19:12.776: [INFO] BookmarksLoadDropped droppedNodes=0
2026-09-15 12:19:12.776: [INFO] BookmarksSnapshot Startup total=0 bar=0 other=0 mobile=0 showBar=0 showBarNTP=1
2026-09-15 12:20:48.046: [INFO] BookmarksSnapshot Shutdown total=0 bar=0 other=0 mobile=0 showBar=0 showBarNTP=1
2026-09-15 12:23:19.650: [INFO] CurrentProfilePath: C:\Users\leoag\Documents\workspace-spring-tools-for-eclipse-5.0.1.RELEASE\.metadata\.plugins\org.eclipse.swt\EBWebView\Default
2026-09-15 12:23:19.650: [INFO] Profiles total count: 1
2026-09-15 12:23:19.654: [INFO] Profile: name=Perfil 1 path=C:\Users\leoag\Documents\workspace-spring-tools-for-eclipse-5.0.1.RELEASE\.metadata\.plugins\org.eclipse.swt\EBWebView\Default lastActive=2026-08-24T23:23:24.030Z
2026-09-15 12:23:19.654: [INFO] LastUsedProfileDir: C:\Users\leoag\Documents\workspace-spring-tools-for-eclipse-5.0.1.RELEASE\.metadata\.plugins\org.eclipse.swt\EBWebView\Default
2026-09-15 12:23:19.656: [INFO] MostRecentlyActiveProfile: name=Perfil 1 path=C:\Users\leoag\Documents\workspace-spring-tools-for-eclipse-5.0.1.RELEASE\.metadata\.plugins\org.eclipse.swt\EBWebView\Default lastActive=2026-08-24T23:23:24.030Z
2026-09-15 12:23:19.656: [INFO] OnDoneLoading sync enabled: 0
2026-09-15 12:23:19.656: [INFO] BookmarkModelLoaded, ids_reassigned: 0
2026-09-15 12:23:19.656: [INFO] BookmarksLoadDropped droppedNodes=0
2026-09-15 12:23:19.656: [INFO] BookmarksSnapshot Startup total=0 bar=0 other=0 mobile=0 showBar=0 showBarNTP=1
2026-09-15 12:23:27.972: [INFO] BookmarksSnapshot Shutdown total=0 bar=0 other=0 mobile=0 showBar=0 showBarNTP=1
2026-09-15 23:05:21.126: [INFO] CurrentProfilePath: C:\Users\leoag\Documents\workspace-spring-tools-for-eclipse-5.0.1.RELEASE\.metadata\.plugins\org.eclipse.swt\EBWebView\Default
2026-09-15 23:05:21.126: [INFO] Profiles total count: 1
2026-09-15 23:05:21.132: [INFO] Profile: name=Perfil 1 path=C:\Users\leoag\Documents\workspace-spring-tools-for-eclipse-5.0.1.RELEASE\.metadata\.plugins\org.eclipse.swt\EBWebView\Default lastActive=2026-08-24T23:23:24.030Z
2026-09-15 23:05:21.132: [INFO] LastUsedProfileDir: C:\Users\leoag\Documents\workspace-spring-tools-for-eclipse-5.0.1.RELEASE\.metadata\.plugins\org.eclipse.swt\EBWebView\Default
2026-09-15 23:05:21.132: [INFO] MostRecentlyActiveProfile: name=Perfil 1 path=C:\Users\leoag\Documents\workspace-spring-tools-for-eclipse-5.0.1.RELEASE\.metadata\.plugins\org.eclipse.swt\EBWebView\Default lastActive=2026-08-24T23:23:24.030Z
2026-09-15 23:05:21.132: [INFO] OnDoneLoading sync enabled: 0
2026-09-15 23:05:21.132: [INFO] BookmarkModelLoaded, ids_reassigned: 0
2026-09-15 23:05:21.132: [INFO] BookmarksLoadDropped droppedNodes=0
2026-09-15 23:05:21.132: [INFO] BookmarksSnapshot Startup total=0 bar=0 other=0 mobile=0 showBar=0 showBarNTP=1
2026-09-15 23:08:08.013: [INFO] BookmarksSnapshot Shutdown total=0 bar=0 other=0 mobile=0 showBar=0 showBarNTP=1
2026-09-15 23:10:57.213: [INFO] CurrentProfilePath: C:\Users\leoag\Documents\workspace-spring-tools-for-eclipse-5.0.1.RELEASE\.metadata\.plugins\org.eclipse.swt\EBWebView\Default
2026-09-15 23:10:57.213: [INFO] Profiles total count: 1
2026-09-15 23:10:57.222: [INFO] Profile: name=Perfil 1 path=C:\Users\leoag\Documents\workspace-spring-tools-for-eclipse-5.0.1.RELEASE\.metadata\.plugins\org.eclipse.swt\EBWebView\Default lastActive=2026-08-24T23:23:24.030Z
2026-09-15 23:10:57.222: [INFO] LastUsedProfileDir: C:\Users\leoag\Documents\workspace-spring-tools-for-eclipse-5.0.1.RELEASE\.metadata\.plugins\org.eclipse.swt\EBWebView\Default
2026-09-15 23:10:57.222: [INFO] MostRecentlyActiveProfile: name=Perfil 1 path=C:\Users\leoag\Documents\workspace-spring-tools-for-eclipse-5.0.1.RELEASE\.metadata\.plugins\org.eclipse.swt\EBWebView\Default lastActive=2026-08-24T23:23:24.030Z
2026-09-15 23:10:57.222: [INFO] OnDoneLoading sync enabled: 0
2026-09-15 23:10:57.222: [INFO] BookmarkModelLoaded, ids_reassigned: 0
2026-09-15 23:10:57.222: [INFO] BookmarksLoadDropped droppedNodes=0
2026-09-15 23:10:57.222: [INFO] BookmarksSnapshot Startup total=0 bar=0 other=0 mobile=0 showBar=0 showBarNTP=1
2026-09-15 23:57:41.067: [INFO] BookmarksSnapshot Shutdown total=0 bar=0 other=0 mobile=0 showBar=0 showBarNTP=1
2026-09-20 13:26:09.893: [INFO] CurrentProfilePath: C:\Users\leoag\Documents\workspace-spring-tools-for-eclipse-5.0.1.RELEASE\.metadata\.plugins\org.eclipse.swt\EBWebView\Default
2026-09-20 13:26:09.893: [INFO] Profiles total count: 1
2026-09-20 13:26:09.901: [INFO] Profile: name=Perfil 1 path=C:\Users\leoag\Documents\workspace-spring-tools-for-eclipse-5.0.1.RELEASE\.metadata\.plugins\org.eclipse.swt\EBWebView\Default lastActive=2026-08-24T23:23:24.030Z
2026-09-20 13:26:09.901: [INFO] LastUsedProfileDir: C:\Users\leoag\Documents\workspace-spring-tools-for-eclipse-5.0.1.RELEASE\.metadata\.plugins\org.eclipse.swt\EBWebView\Default
2026-09-20 13:26:09.901: [INFO] MostRecentlyActiveProfile: name=Perfil 1 path=C:\Users\leoag\Documents\workspace-spring-tools-for-eclipse-5.0.1.RELEASE\.metadata\.plugins\org.eclipse.swt\EBWebView\Default lastActive=2026-08-24T23:23:24.030Z
2026-09-20 13:26:09.901: [INFO] OnDoneLoading sync enabled: 0
2026-09-20 13:26:09.901: [INFO] BookmarkModelLoaded, ids_reassigned: 0
2026-09-20 13:26:09.901: [INFO] BookmarksLoadDropped droppedNodes=0
2026-09-20 13:26:09.901: [INFO] BookmarksSnapshot Startup total=0 bar=0 other=0 mobile=0 showBar=0 showBarNTP=1
2026-09-21 11:24:36.607: [INFO] CurrentProfilePath: C:\Users\leoag\Documents\workspace-spring-tools-for-eclipse-5.0.1.RELEASE\.metadata\.plugins\org.eclipse.swt\EBWebView\Default
2026-09-21 11:24:36.607: [INFO] Profiles total count: 1
2026-09-21 11:24:36.613: [INFO] Profile: name=Perfil 1 path=C:\Users\leoag\Documents\workspace-spring-tools-for-eclipse-5.0.1.RELEASE\.metadata\.plugins\org.eclipse.swt\EBWebView\Default lastActive=2026-08-24T23:23:24.030Z
2026-09-21 11:24:36.613: [INFO] LastUsedProfileDir: C:\Users\leoag\Documents\workspace-spring-tools-for-eclipse-5.0.1.RELEASE\.metadata\.plugins\org.eclipse.swt\EBWebView\Default
2026-09-21 11:24:36.613: [INFO] MostRecentlyActiveProfile: name=Perfil 1 path=C:\Users\leoag\Documents\workspace-spring-tools-for-eclipse-5.0.1.RELEASE\.metadata\.plugins\org.eclipse.swt\EBWebView\Default lastActive=2026-08-24T23:23:24.030Z
2026-09-21 11:24:36.613: [INFO] OnDoneLoading sync enabled: 0
2026-09-21 11:24:36.613: [INFO] BookmarkModelLoaded, ids_reassigned: 0
2026-09-21 11:24:36.613: [INFO] BookmarksLoadDropped droppedNodes=0
2026-09-21 11:24:36.613: [INFO] BookmarksSnapshot Startup total=0 bar=0 other=0 mobile=0 showBar=0 showBarNTP=1
2026-09-21 11:40:32.296: [INFO] BookmarksSnapshot Shutdown total=0 bar=0 other=0 mobile=0 showBar=0 showBarNTP=1
2026-09-21 11:57:31.036: [INFO] CurrentProfilePath: C:\Users\leoag\Documents\workspace-spring-tools-for-eclipse-5.0.1.RELEASE\.metadata\.plugins\org.eclipse.swt\EBWebView\Default
2026-09-21 11:57:31.036: [INFO] Profiles total count: 1
2026-09-21 11:57:31.044: [INFO] Profile: name=Perfil 1 path=C:\Users\leoag\Documents\workspace-spring-tools-for-eclipse-5.0.1.RELEASE\.metadata\.plugins\org.eclipse.swt\EBWebView\Default lastActive=2026-08-24T23:23:24.030Z
2026-09-21 11:57:31.044: [INFO] LastUsedProfileDir: C:\Users\leoag\Documents\workspace-spring-tools-for-eclipse-5.0.1.RELEASE\.metadata\.plugins\org.eclipse.swt\EBWebView\Default
2026-09-21 11:57:31.044: [INFO] MostRecentlyActiveProfile: name=Perfil 1 path=C:\Users\leoag\Documents\workspace-spring-tools-for-eclipse-5.0.1.RELEASE\.metadata\.plugins\org.eclipse.swt\EBWebView\Default lastActive=2026-08-24T23:23:24.030Z
2026-09-21 11:57:31.044: [INFO] OnDoneLoading sync enabled: 0
2026-09-21 11:57:31.044: [INFO] BookmarkModelLoaded, ids_reassigned: 0
2026-09-21 11:57:31.044: [INFO] BookmarksLoadDropped droppedNodes=0
2026-09-21 11:57:31.044: [INFO] BookmarksSnapshot Startup total=0 bar=0 other=0 mobile=0 showBar=0 showBarNTP=1
2026-09-21 11:58:07.650: [INFO] BookmarksSnapshot Shutdown total=0 bar=0 other=0 mobile=0 showBar=0 showBarNTP=1
2026-09-21 11:58:09.518: [INFO] CurrentProfilePath: C:\Users\leoag\Documents\workspace-spring-tools-for-eclipse-5.0.1.RELEASE\.metadata\.plugins\org.eclipse.swt\EBWebView\Default
2026-09-21 11:58:09.518: [INFO] Profiles total count: 1
2026-09-21 11:58:09.518: [INFO] Profile: name=Perfil 1 path=C:\Users\leoag\Documents\workspace-spring-tools-for-eclipse-5.0.1.RELEASE\.metadata\.plugins\org.eclipse.swt\EBWebView\Default lastActive=2026-08-24T23:23:24.030Z
2026-09-21 11:58:09.518: [INFO] LastUsedProfileDir: C:\Users\leoag\Documents\workspace-spring-tools-for-eclipse-5.0.1.RELEASE\.metadata\.plugins\org.eclipse.swt\EBWebView\Default
2026-09-21 11:58:09.518: [INFO] MostRecentlyActiveProfile: name=Perfil 1 path=C:\Users\leoag\Documents\workspace-spring-tools-for-eclipse-5.0.1.RELEASE\.metadata\.plugins\org.eclipse.swt\EBWebView\Default lastActive=2026-08-24T23:23:24.030Z
2026-09-21 11:58:09.518: [INFO] OnDoneLoading sync enabled: 0
2026-09-21 11:58:09.518: [INFO] BookmarkModelLoaded, ids_reassigned: 0
2026-09-21 11:58:09.518: [INFO] BookmarksLoadDropped droppedNodes=0
2026-09-21 11:58:09.518: [INFO] BookmarksSnapshot Startup total=0 bar=0 other=0 mobile=0 showBar=0 showBarNTP=1
2026-09-21 11:58:50.585: [INFO] BookmarksSnapshot Shutdown total=0 bar=0 other=0 mobile=0 showBar=0 showBarNTP=1
2026-09-21 11:58:51.449: [INFO] CurrentProfilePath: C:\Users\leoag\Documents\workspace-spring-tools-for-eclipse-5.0.1.RELEASE\.metadata\.plugins\org.eclipse.swt\EBWebView\Default
2026-09-21 11:58:51.449: [INFO] Profiles total count: 1
2026-09-21 11:58:51.449: [INFO] Profile: name=Perfil 1 path=C:\Users\leoag\Documents\workspace-spring-tools-for-eclipse-5.0.1.RELEASE\.metadata\.plugins\org.eclipse.swt\EBWebView\Default lastActive=2026-08-24T23:23:24.030Z
2026-09-21 11:58:51.449: [INFO] LastUsedProfileDir: C:\Users\leoag\Documents\workspace-spring-tools-for-eclipse-5.0.1.RELEASE\.metadata\.plugins\org.eclipse.swt\EBWebView\Default
2026-09-21 11:58:51.449: [INFO] MostRecentlyActiveProfile: name=Perfil 1 path=C:\Users\leoag\Documents\workspace-spring-tools-for-eclipse-5.0.1.RELEASE\.metadata\.plugins\org.eclipse.swt\EBWebView\Default lastActive=2026-08-24T23:23:24.030Z
2026-09-21 11:58:51.449: [INFO] OnDoneLoading sync enabled: 0
2026-09-21 11:58:51.449: [INFO] BookmarkModelLoaded, ids_reassigned: 0
2026-09-21 11:58:51.449: [INFO] BookmarksLoadDropped droppedNodes=0
2026-09-21 11:58:51.449: [INFO] BookmarksSnapshot Startup total=0 bar=0 other=0 mobile=0 showBar=0 showBarNTP=1
2026-09-21 12:17:06.917: [INFO] BookmarksSnapshot Shutdown total=0 bar=0 other=0 mobile=0 showBar=0 showBarNTP=1
2026-09-21 22:56:18.174: [INFO] CurrentProfilePath: C:\Users\leoag\Documents\workspace-spring-tools-for-eclipse-5.0.1.RELEASE\.metadata\.plugins\org.eclipse.swt\EBWebView\Default
2026-09-21 22:56:18.174: [INFO] Profiles total count: 1
2026-09-21 22:56:18.177: [INFO] Profile: name=Perfil 1 path=C:\Users\leoag\Documents\workspace-spring-tools-for-eclipse-5.0.1.RELEASE\.metadata\.plugins\org.eclipse.swt\EBWebView\Default lastActive=2026-08-24T23:23:24.030Z
2026-09-21 22:56:18.177: [INFO] LastUsedProfileDir: C:\Users\leoag\Documents\workspace-spring-tools-for-eclipse-5.0.1.RELEASE\.metadata\.plugins\org.eclipse.swt\EBWebView\Default
2026-09-21 22:56:18.178: [INFO] MostRecentlyActiveProfile: name=Perfil 1 path=C:\Users\leoag\Documents\workspace-spring-tools-for-eclipse-5.0.1.RELEASE\.metadata\.plugins\org.eclipse.swt\EBWebView\Default lastActive=2026-08-24T23:23:24.030Z
2026-09-21 22:56:18.178: [INFO] OnDoneLoading sync enabled: 0
2026-09-21 22:56:18.178: [INFO] BookmarkModelLoaded, ids_reassigned: 0
2026-09-21 22:56:18.178: [INFO] BookmarksLoadDropped droppedNodes=0
2026-09-21 22:56:18.178: [INFO] BookmarksSnapshot Startup total=0 bar=0 other=0 mobile=0 showBar=0 showBarNTP=1
2026-09-21 23:35:15.888: [INFO] BookmarksSnapshot Shutdown total=0 bar=0 other=0 mobile=0 showBar=0 showBarNTP=1
2026-09-21 23:54:12.332: [INFO] CurrentProfilePath: C:\Users\leoag\Documents\workspace-spring-tools-for-eclipse-5.0.1.RELEASE\.metadata\.plugins\org.eclipse.swt\EBWebView\Default
2026-09-21 23:54:12.332: [INFO] Profiles total count: 1
2026-09-21 23:54:12.346: [INFO] Profile: name=Perfil 1 path=C:\Users\leoag\Documents\workspace-spring-tools-for-eclipse-5.0.1.RELEASE\.metadata\.plugins\org.eclipse.swt\EBWebView\Default lastActive=2026-08-24T23:23:24.030Z
2026-09-21 23:54:12.346: [INFO] LastUsedProfileDir: C:\Users\leoag\Documents\workspace-spring-tools-for-eclipse-5.0.1.RELEASE\.metadata\.plugins\org.eclipse.swt\EBWebView\Default
2026-09-21 23:54:12.347: [INFO] MostRecentlyActiveProfile: name=Perfil 1 path=C:\Users\leoag\Documents\workspace-spring-tools-for-eclipse-5.0.1.RELEASE\.metadata\.plugins\org.eclipse.swt\EBWebView\Default lastActive=2026-08-24T23:23:24.030Z
2026-09-21 23:54:12.347: [INFO] OnDoneLoading sync enabled: 0
2026-09-21 23:54:12.347: [INFO] BookmarkModelLoaded, ids_reassigned: 0
2026-09-21 23:54:12.347: [INFO] BookmarksLoadDropped droppedNodes=0
2026-09-21 23:54:12.347: [INFO] BookmarksSnapshot Startup total=0 bar=0 other=0 mobile=0 showBar=0 showBarNTP=1
2026-09-22 00:29:54.813: [INFO] BookmarksSnapshot Shutdown total=0 bar=0 other=0 mobile=0 showBar=0 showBarNTP=1
2026-09-22 11:28:40.218: [INFO] CurrentProfilePath: C:\Users\leoag\Documents\workspace-spring-tools-for-eclipse-5.0.1.RELEASE\.metadata\.plugins\org.eclipse.swt\EBWebView\Default
2026-09-22 11:28:40.218: [INFO] Profiles total count: 1
2026-09-22 11:28:40.223: [INFO] Profile: name=Perfil 1 path=C:\Users\leoag\Documents\workspace-spring-tools-for-eclipse-5.0.1.RELEASE\.metadata\.plugins\org.eclipse.swt\EBWebView\Default lastActive=2026-08-24T23:23:24.030Z
2026-09-22 11:28:40.223: [INFO] LastUsedProfileDir: C:\Users\leoag\Documents\workspace-spring-tools-for-eclipse-5.0.1.RELEASE\.metadata\.plugins\org.eclipse.swt\EBWebView\Default
2026-09-22 11:28:40.223: [INFO] MostRecentlyActiveProfile: name=Perfil 1 path=C:\Users\leoag\Documents\workspace-spring-tools-for-eclipse-5.0.1.RELEASE\.metadata\.plugins\org.eclipse.swt\EBWebView\Default lastActive=2026-08-24T23:23:24.030Z
2026-09-22 11:28:40.223: [INFO] OnDoneLoading sync enabled: 0
2026-09-22 11:28:40.223: [INFO] BookmarkModelLoaded, ids_reassigned: 0
2026-09-22 11:28:40.223: [INFO] BookmarksLoadDropped droppedNodes=0
2026-09-22 11:28:40.223: [INFO] BookmarksSnapshot Startup total=0 bar=0 other=0 mobile=0 showBar=0 showBarNTP=1
2026-09-22 11:39:47.036: [INFO] BookmarksSnapshot Shutdown total=0 bar=0 other=0 mobile=0 showBar=0 showBarNTP=1
2026-09-22 11:47:46.251: [INFO] CurrentProfilePath: C:\Users\leoag\Documents\workspace-spring-tools-for-eclipse-5.0.1.RELEASE\.metadata\.plugins\org.eclipse.swt\EBWebView\Default
2026-09-22 11:47:46.251: [INFO] Profiles total count: 1
2026-09-22 11:47:46.256: [INFO] Profile: name=Perfil 1 path=C:\Users\leoag\Documents\workspace-spring-tools-for-eclipse-5.0.1.RELEASE\.metadata\.plugins\org.eclipse.swt\EBWebView\Default lastActive=2026-08-24T23:23:24.030Z
2026-09-22 11:47:46.256: [INFO] LastUsedProfileDir: C:\Users\leoag\Documents\workspace-spring-tools-for-eclipse-5.0.1.RELEASE\.metadata\.plugins\org.eclipse.swt\EBWebView\Default
2026-09-22 11:47:46.256: [INFO] MostRecentlyActiveProfile: name=Perfil 1 path=C:\Users\leoag\Documents\workspace-spring-tools-for-eclipse-5.0.1.RELEASE\.metadata\.plugins\org.eclipse.swt\EBWebView\Default lastActive=2026-08-24T23:23:24.030Z
2026-09-22 11:47:46.256: [INFO] OnDoneLoading sync enabled: 0
2026-09-22 11:47:46.256: [INFO] BookmarkModelLoaded, ids_reassigned: 0
2026-09-22 11:47:46.256: [INFO] BookmarksLoadDropped droppedNodes=0
2026-09-22 11:47:46.256: [INFO] BookmarksSnapshot Startup total=0 bar=0 other=0 mobile=0 showBar=0 showBarNTP=1
2026-09-22 11:55:59.217: [INFO] BookmarksSnapshot Shutdown total=0 bar=0 other=0 mobile=0 showBar=0 showBarNTP=1
2026-09-22 12:02:18.480: [INFO] CurrentProfilePath: C:\Users\leoag\Documents\workspace-spring-tools-for-eclipse-5.0.1.RELEASE\.metadata\.plugins\org.eclipse.swt\EBWebView\Default
2026-09-22 12:02:18.480: [INFO] Profiles total count: 1
2026-09-22 12:02:18.485: [INFO] Profile: name=Perfil 1 path=C:\Users\leoag\Documents\workspace-spring-tools-for-eclipse-5.0.1.RELEASE\.metadata\.plugins\org.eclipse.swt\EBWebView\Default lastActive=2026-08-24T23:23:24.030Z
2026-09-22 12:02:18.485: [INFO] LastUsedProfileDir: C:\Users\leoag\Documents\workspace-spring-tools-for-eclipse-5.0.1.RELEASE\.metadata\.plugins\org.eclipse.swt\EBWebView\Default
2026-09-22 12:02:18.485: [INFO] MostRecentlyActiveProfile: name=Perfil 1 path=C:\Users\leoag\Documents\workspace-spring-tools-for-eclipse-5.0.1.RELEASE\.metadata\.plugins\org.eclipse.swt\EBWebView\Default lastActive=2026-08-24T23:23:24.030Z
2026-09-22 12:02:18.485: [INFO] OnDoneLoading sync enabled: 0
2026-09-22 12:02:18.485: [INFO] BookmarkModelLoaded, ids_reassigned: 0
2026-09-22 12:02:18.485: [INFO] BookmarksLoadDropped droppedNodes=0
2026-09-22 12:02:18.485: [INFO] BookmarksSnapshot Startup total=0 bar=0 other=0 mobile=0 showBar=0 showBarNTP=1
2026-09-22 12:13:25.455: [INFO] BookmarksSnapshot Shutdown total=0 bar=0 other=0 mobile=0 showBar=0 showBarNTP=1
2026-09-22 12:29:41.935: [INFO] CurrentProfilePath: C:\Users\leoag\Documents\workspace-spring-tools-for-eclipse-5.0.1.RELEASE\.metadata\.plugins\org.eclipse.swt\EBWebView\Default
2026-09-22 12:29:41.935: [INFO] Profiles total count: 1
2026-09-22 12:29:41.943: [INFO] Profile: name=Perfil 1 path=C:\Users\leoag\Documents\workspace-spring-tools-for-eclipse-5.0.1.RELEASE\.metadata\.plugins\org.eclipse.swt\EBWebView\Default lastActive=2026-08-24T23:23:24.030Z
2026-09-22 12:29:41.943: [INFO] LastUsedProfileDir: C:\Users\leoag\Documents\workspace-spring-tools-for-eclipse-5.0.1.RELEASE\.metadata\.plugins\org.eclipse.swt\EBWebView\Default
2026-09-22 12:29:41.943: [INFO] MostRecentlyActiveProfile: name=Perfil 1 path=C:\Users\leoag\Documents\workspace-spring-tools-for-eclipse-5.0.1.RELEASE\.metadata\.plugins\org.eclipse.swt\EBWebView\Default lastActive=2026-08-24T23:23:24.030Z
2026-09-22 12:29:41.943: [INFO] OnDoneLoading sync enabled: 0
2026-09-22 12:29:41.943: [INFO] BookmarkModelLoaded, ids_reassigned: 0
2026-09-22 12:29:41.943: [INFO] BookmarksLoadDropped droppedNodes=0
2026-09-22 12:29:41.943: [INFO] BookmarksSnapshot Startup total=0 bar=0 other=0 mobile=0 showBar=0 showBarNTP=1
2026-09-22 12:30:30.126: [INFO] BookmarksSnapshot Shutdown total=0 bar=0 other=0 mobile=0 showBar=0 showBarNTP=1
2026-09-22 23:12:05.394: [INFO] CurrentProfilePath: C:\Users\leoag\Documents\workspace-spring-tools-for-eclipse-5.0.1.RELEASE\.metadata\.plugins\org.eclipse.swt\EBWebView\Default
2026-09-22 23:12:05.394: [INFO] Profiles total count: 1
2026-09-22 23:12:05.397: [INFO] Profile: name=Perfil 1 path=C:\Users\leoag\Documents\workspace-spring-tools-for-eclipse-5.0.1.RELEASE\.metadata\.plugins\org.eclipse.swt\EBWebView\Default lastActive=2026-08-24T23:23:24.030Z
2026-09-22 23:12:05.397: [INFO] LastUsedProfileDir: C:\Users\leoag\Documents\workspace-spring-tools-for-eclipse-5.0.1.RELEASE\.metadata\.plugins\org.eclipse.swt\EBWebView\Default
2026-09-22 23:12:05.398: [INFO] MostRecentlyActiveProfile: name=Perfil 1 path=C:\Users\leoag\Documents\workspace-spring-tools-for-eclipse-5.0.1.RELEASE\.metadata\.plugins\org.eclipse.swt\EBWebView\Default lastActive=2026-08-24T23:23:24.030Z
2026-09-22 23:12:05.398: [INFO] OnDoneLoading sync enabled: 0
2026-09-22 23:12:05.398: [INFO] BookmarkModelLoaded, ids_reassigned: 0
2026-09-22 23:12:05.398: [INFO] BookmarksLoadDropped droppedNodes=0
2026-09-22 23:12:05.398: [INFO] BookmarksSnapshot Startup total=0 bar=0 other=0 mobile=0 showBar=0 showBarNTP=1
2026-09-22 23:13:09.761: [INFO] BookmarksSnapshot Shutdown total=0 bar=0 other=0 mobile=0 showBar=0 showBarNTP=1
2026-09-22 23:50:27.958: [INFO] CurrentProfilePath: C:\Users\leoag\Documents\workspace-spring-tools-for-eclipse-5.0.1.RELEASE\.metadata\.plugins\org.eclipse.swt\EBWebView\Default
2026-09-22 23:50:27.958: [INFO] Profiles total count: 1
2026-09-22 23:50:27.969: [INFO] Profile: name=Perfil 1 path=C:\Users\leoag\Documents\workspace-spring-tools-for-eclipse-5.0.1.RELEASE\.metadata\.plugins\org.eclipse.swt\EBWebView\Default lastActive=2026-08-24T23:23:24.030Z
2026-09-22 23:50:27.970: [INFO] LastUsedProfileDir: C:\Users\leoag\Documents\workspace-spring-tools-for-eclipse-5.0.1.RELEASE\.metadata\.plugins\org.eclipse.swt\EBWebView\Default
2026-09-22 23:50:27.970: [INFO] MostRecentlyActiveProfile: name=Perfil 1 path=C:\Users\leoag\Documents\workspace-spring-tools-for-eclipse-5.0.1.RELEASE\.metadata\.plugins\org.eclipse.swt\EBWebView\Default lastActive=2026-08-24T23:23:24.030Z
2026-09-22 23:50:27.970: [INFO] OnDoneLoading sync enabled: 0
2026-09-22 23:50:27.970: [INFO] BookmarkModelLoaded, ids_reassigned: 0
2026-09-22 23:50:27.970: [INFO] BookmarksLoadDropped droppedNodes=0
2026-09-22 23:50:27.970: [INFO] BookmarksSnapshot Startup total=0 bar=0 other=0 mobile=0 showBar=0 showBarNTP=1
2026-09-23 01:54:54.923: [INFO] BookmarksSnapshot Shutdown total=0 bar=0 other=0 mobile=0 showBar=0 showBarNTP=1
